[ +173 ms] Artifact Instance of 'MaterialFonts' is not required, skipping update.
[        ] Artifact Instance of 'GradleWrapper' is not required, skipping update.
[        ] Artifact Instance of 'AndroidGenSnapshotArtifacts' is not required, skipping update.
[        ] Artifact Instance of 'AndroidInternalBuildArtifacts' is not required, skipping update.
[        ] Artifact Instance of 'IOSEngineArtifacts' is not required, skipping update.
[        ] Artifact Instance of 'FlutterWebSdk' is not required, skipping update.
[   +1 ms] Artifact Instance of 'LegacyCanvasKitRemover' is not required, skipping update.
[        ] Artifact Instance of 'FlutterSdk' is not required, skipping update.
[        ] Artifact Instance of 'WindowsEngineArtifacts' is not required, skipping update.
[        ] Artifact Instance of 'MacOSEngineArtifacts' is not required, skipping update.
[        ] Artifact Instance of 'LinuxEngineArtifacts' is not required, skipping update.
[        ] Artifact Instance of 'LinuxFuchsiaSDKArtifacts' is not required, skipping update.
[        ] Artifact Instance of 'MacOSFuchsiaSDKArtifacts' is not required, skipping update.
[        ] Artifact Instance of 'FlutterRunnerSDKArtifacts' is not required, skipping update.
[        ] Artifact Instance of 'FlutterRunnerDebugSymbols' is not required, skipping update.
[        ] Artifact Instance of 'IosUsbArtifacts' is not required, skipping update.
[        ] Artifact Instance of 'IosUsbArtifacts' is not required, skipping update.
[        ] Artifact Instance of 'IosUsbArtifacts' is not required, skipping update.
[        ] Artifact Instance of 'IosUsbArtifacts' is not required, skipping update.
[        ] Artifact Instance of 'IosUsbArtifacts' is not required, skipping update.
[        ] Artifact Instance of 'IosUsbArtifacts' is not required, skipping update.
[        ] Artifact Instance of 'FontSubsetArtifacts' is not required, skipping update.
[        ] Artifact Instance of 'PubDependencies' is not required, skipping update.
[   +1 ms] executing: [E:\FluttersSDK\flutter/] git -c log.showSignature=false log HEAD -n 1 --pretty=format:%ad --date=iso
[  +96 ms] Exit code 0 from: git -c log.showSignature=false log HEAD -n 1 --pretty=format:%ad --date=iso
[        ] 2026-02-18 13:54:59 -0800
[  +37 ms] Artifact Instance of 'AndroidGenSnapshotArtifacts' is not required, skipping update.
[        ] Artifact Instance of 'AndroidInternalBuildArtifacts' is not required, skipping update.
[        ] Artifact Instance of 'IOSEngineArtifacts' is not required, skipping update.
[        ] Artifact Instance of 'FlutterWebSdk' is not required, skipping update.
[        ] Artifact Instance of 'FlutterEngineStamp' is not required, skipping update.
[        ] Artifact Instance of 'LegacyCanvasKitRemover' is not required, skipping update.
[   +2 ms] Artifact Instance of 'WindowsEngineArtifacts' is not required, skipping update.
[        ] Artifact Instance of 'MacOSEngineArtifacts' is not required, skipping update.
[        ] Artifact Instance of 'LinuxEngineArtifacts' is not required, skipping update.
[        ] Artifact Instance of 'LinuxFuchsiaSDKArtifacts' is not required, skipping update.
[        ] Artifact Instance of 'MacOSFuchsiaSDKArtifacts' is not required, skipping update.
[        ] Artifact Instance of 'FlutterRunnerSDKArtifacts' is not required, skipping update.
[        ] Artifact Instance of 'FlutterRunnerDebugSymbols' is not required, skipping update.
[  +67 ms] executing: C:\AndroidSDK\Android\Sdk\platform-tools\adb.exe devices -l
[  +84 ms] List of devices attached
           192.168.0.100:44367    device product:d1xx model:SM_N970F device:d1 transport_id:1
[   +6 ms] C:\AndroidSDK\Android\Sdk\platform-tools\adb.exe -s 192.168.0.100:44367 shell getprop
[ +164 ms] Artifact Instance of 'AndroidInternalBuildArtifacts' is not required, skipping update.
[        ] Artifact Instance of 'IOSEngineArtifacts' is not required, skipping update.
[        ] Artifact Instance of 'FlutterEngineStamp' is not required, skipping update.
[   +6 ms] Artifact Instance of 'MacOSEngineArtifacts' is not required, skipping update.
[        ] Artifact Instance of 'LinuxEngineArtifacts' is not required, skipping update.
[        ] Artifact Instance of 'LinuxFuchsiaSDKArtifacts' is not required, skipping update.
[        ] Artifact Instance of 'MacOSFuchsiaSDKArtifacts' is not required, skipping update.
[        ] Artifact Instance of 'FlutterRunnerSDKArtifacts' is not required, skipping update.
[        ] Artifact Instance of 'FlutterRunnerDebugSymbols' is not required, skipping update.
[ +153 ms] Skipping pub get: version match.
[ +124 ms] Found plugin path_provider at E:\PubCache\hosted\pub.dev\path_provider-2.1.5\
[   +6 ms] Found plugin path_provider_windows at E:\PubCache\hosted\pub.dev\path_provider_windows-2.3.0\
[   +8 ms] Found plugin path_provider_linux at E:\PubCache\hosted\pub.dev\path_provider_linux-2.2.1\
[   +4 ms] Found plugin path_provider_foundation at E:\PubCache\hosted\pub.dev\path_provider_foundation-2.6.0\
[  +18 ms] Found plugin path_provider_android at E:\PubCache\hosted\pub.dev\path_provider_android-2.2.23\
[   +7 ms] Found plugin mobile_scanner at E:\PubCache\hosted\pub.dev\mobile_scanner-7.2.0\
[   +9 ms] Found plugin google_sign_in at E:\PubCache\hosted\pub.dev\google_sign_in-7.2.0\
[   +2 ms] Found plugin google_sign_in_web at E:\PubCache\hosted\pub.dev\google_sign_in_web-1.1.3\
[   +5 ms] Found plugin google_sign_in_ios at E:\PubCache\hosted\pub.dev\google_sign_in_ios-6.3.0\
[   +2 ms] Found plugin google_sign_in_android at E:\PubCache\hosted\pub.dev\google_sign_in_android-7.2.10\
[  +51 ms] Found plugin flutter_local_notifications at E:\PubCache\hosted\pub.dev\flutter_local_notifications-21.0.0\
[   +3 ms] Found plugin flutter_local_notifications_windows at E:\PubCache\hosted\pub.dev\flutter_local_notifications_windows-3.0.0\
[   +5 ms] Found plugin flutter_local_notifications_linux at E:\PubCache\hosted\pub.dev\flutter_local_notifications_linux-8.0.0\
[  +11 ms] Found plugin firebase_messaging at E:\PubCache\hosted\pub.dev\firebase_messaging-16.1.3\
[   +2 ms] Found plugin firebase_messaging_web at E:\PubCache\hosted\pub.dev\firebase_messaging_web-4.1.4\
[   +3 ms] Found plugin firebase_core at E:\PubCache\hosted\pub.dev\firebase_core-4.6.0\
[   +1 ms] Found plugin firebase_core_web at E:\PubCache\hosted\pub.dev\firebase_core_web-3.5.1\
[   +5 ms] Found plugin firebase_auth at E:\PubCache\hosted\pub.dev\firebase_auth-6.3.0\
[   +2 ms] Found plugin firebase_auth_web at E:\PubCache\hosted\pub.dev\firebase_auth_web-6.1.4\
[   +6 ms] Found plugin cloud_firestore at E:\PubCache\hosted\pub.dev\cloud_firestore-6.2.0\
[   +2 ms] Found plugin cloud_firestore_web at E:\PubCache\hosted\pub.dev\cloud_firestore_web-5.2.0\
[  +78 ms] Found plugin path_provider at E:\PubCache\hosted\pub.dev\path_provider-2.1.5\
[   +1 ms] Found plugin path_provider_windows at E:\PubCache\hosted\pub.dev\path_provider_windows-2.3.0\
[   +5 ms] Found plugin path_provider_linux at E:\PubCache\hosted\pub.dev\path_provider_linux-2.2.1\
[   +2 ms] Found plugin path_provider_foundation at E:\PubCache\hosted\pub.dev\path_provider_foundation-2.6.0\
[  +12 ms] Found plugin path_provider_android at E:\PubCache\hosted\pub.dev\path_provider_android-2.2.23\
[   +1 ms] Found plugin mobile_scanner at E:\PubCache\hosted\pub.dev\mobile_scanner-7.2.0\
[   +7 ms] Found plugin google_sign_in at E:\PubCache\hosted\pub.dev\google_sign_in-7.2.0\
[   +1 ms] Found plugin google_sign_in_web at E:\PubCache\hosted\pub.dev\google_sign_in_web-1.1.3\
[   +3 ms] Found plugin google_sign_in_ios at E:\PubCache\hosted\pub.dev\google_sign_in_ios-6.3.0\
[   +1 ms] Found plugin google_sign_in_android at E:\PubCache\hosted\pub.dev\google_sign_in_android-7.2.10\
[  +38 ms] Found plugin flutter_local_notifications at E:\PubCache\hosted\pub.dev\flutter_local_notifications-21.0.0\
[   +2 ms] Found plugin flutter_local_notifications_windows at E:\PubCache\hosted\pub.dev\flutter_local_notifications_windows-3.0.0\
[   +2 ms] Found plugin flutter_local_notifications_linux at E:\PubCache\hosted\pub.dev\flutter_local_notifications_linux-8.0.0\
[   +6 ms] Found plugin firebase_messaging at E:\PubCache\hosted\pub.dev\firebase_messaging-16.1.3\
[   +1 ms] Found plugin firebase_messaging_web at E:\PubCache\hosted\pub.dev\firebase_messaging_web-4.1.4\
[   +3 ms] Found plugin firebase_core at E:\PubCache\hosted\pub.dev\firebase_core-4.6.0\
[   +1 ms] Found plugin firebase_core_web at E:\PubCache\hosted\pub.dev\firebase_core_web-3.5.1\
[   +3 ms] Found plugin firebase_auth at E:\PubCache\hosted\pub.dev\firebase_auth-6.3.0\
[   +1 ms] Found plugin firebase_auth_web at E:\PubCache\hosted\pub.dev\firebase_auth_web-6.1.4\
[   +4 ms] Found plugin cloud_firestore at E:\PubCache\hosted\pub.dev\cloud_firestore-6.2.0\
[   +1 ms] Found plugin cloud_firestore_web at E:\PubCache\hosted\pub.dev\cloud_firestore_web-5.2.0\
[  +14 ms] Skipping generating web_plugin_registrant.dart because it is up-to-date.
[  +50 ms] Found plugin path_provider at E:\PubCache\hosted\pub.dev\path_provider-2.1.5\
[   +1 ms] Found plugin path_provider_windows at E:\PubCache\hosted\pub.dev\path_provider_windows-2.3.0\
[   +3 ms] Found plugin path_provider_linux at E:\PubCache\hosted\pub.dev\path_provider_linux-2.2.1\
[   +2 ms] Found plugin path_provider_foundation at E:\PubCache\hosted\pub.dev\path_provider_foundation-2.6.0\
[   +9 ms] Found plugin path_provider_android at E:\PubCache\hosted\pub.dev\path_provider_android-2.2.23\
[   +1 ms] Found plugin mobile_scanner at E:\PubCache\hosted\pub.dev\mobile_scanner-7.2.0\
[   +6 ms] Found plugin google_sign_in at E:\PubCache\hosted\pub.dev\google_sign_in-7.2.0\
[   +1 ms] Found plugin google_sign_in_web at E:\PubCache\hosted\pub.dev\google_sign_in_web-1.1.3\
[   +4 ms] Found plugin google_sign_in_ios at E:\PubCache\hosted\pub.dev\google_sign_in_ios-6.3.0\
[   +1 ms] Found plugin google_sign_in_android at E:\PubCache\hosted\pub.dev\google_sign_in_android-7.2.10\
[  +31 ms] Found plugin flutter_local_notifications at E:\PubCache\hosted\pub.dev\flutter_local_notifications-21.0.0\
[   +2 ms] Found plugin flutter_local_notifications_windows at E:\PubCache\hosted\pub.dev\flutter_local_notifications_windows-3.0.0\
[   +2 ms] Found plugin flutter_local_notifications_linux at E:\PubCache\hosted\pub.dev\flutter_local_notifications_linux-8.0.0\
[   +5 ms] Found plugin firebase_messaging at E:\PubCache\hosted\pub.dev\firebase_messaging-16.1.3\
[   +1 ms] Found plugin firebase_messaging_web at E:\PubCache\hosted\pub.dev\firebase_messaging_web-4.1.4\
[   +1 ms] Found plugin firebase_core at E:\PubCache\hosted\pub.dev\firebase_core-4.6.0\
[   +1 ms] Found plugin firebase_core_web at E:\PubCache\hosted\pub.dev\firebase_core_web-3.5.1\
[   +2 ms] Found plugin firebase_auth at E:\PubCache\hosted\pub.dev\firebase_auth-6.3.0\
[   +1 ms] Found plugin firebase_auth_web at E:\PubCache\hosted\pub.dev\firebase_auth_web-6.1.4\
[   +3 ms] Found plugin cloud_firestore at E:\PubCache\hosted\pub.dev\cloud_firestore-6.2.0\
[   +1 ms] Found plugin cloud_firestore_web at E:\PubCache\hosted\pub.dev\cloud_firestore_web-5.2.0\
[   +7 ms] Generating C:\Users\Faheem Jadoon\Documents\Company APP\android\app\src\main\java\io\flutter\plugins\GeneratedPluginRegistrant.java
[   +1 ms] Skipping generating GeneratedPluginRegistrant.java because it is up-to-date.
[   +2 ms] Skipping generating GeneratedPluginRegistrant.h because it is up-to-date.
[   +1 ms] Skipping generating GeneratedPluginRegistrant.m because it is up-to-date.
[  +11 ms] ro.hardware = exynos9825
[        ] ro.build.characteristics = phone
[  +60 ms] Initializing file store
[   +2 ms] Done initializing file store
[  +13 ms] Skipping target: gen_localizations
[   +3 ms] gen_dart_plugin_registrant: Starting due to {InvalidatedReasonKind.inputChanged: The following inputs have updated contents: C:\Users\Faheem Jadoon\Documents\Company APP\.dart_tool\package_config.json,C:\Users\Faheem Jadoon\Documents\Company APP\.dart_tool\flutter_build\dart_plugin_registrant.dart}
[  +46 ms] Found plugin path_provider at E:\PubCache\hosted\pub.dev\path_provider-2.1.5\
[   +1 ms] Found plugin path_provider_windows at E:\PubCache\hosted\pub.dev\path_provider_windows-2.3.0\
[   +5 ms] Found plugin path_provider_linux at E:\PubCache\hosted\pub.dev\path_provider_linux-2.2.1\
[   +2 ms] Found plugin path_provider_foundation at E:\PubCache\hosted\pub.dev\path_provider_foundation-2.6.0\
[   +9 ms] Found plugin path_provider_android at E:\PubCache\hosted\pub.dev\path_provider_android-2.2.23\
[   +1 ms] Found plugin mobile_scanner at E:\PubCache\hosted\pub.dev\mobile_scanner-7.2.0\
[   +6 ms] Found plugin google_sign_in at E:\PubCache\hosted\pub.dev\google_sign_in-7.2.0\
[   +1 ms] Found plugin google_sign_in_web at E:\PubCache\hosted\pub.dev\google_sign_in_web-1.1.3\
[   +4 ms] Found plugin google_sign_in_ios at E:\PubCache\hosted\pub.dev\google_sign_in_ios-6.3.0\
[   +1 ms] Found plugin google_sign_in_android at E:\PubCache\hosted\pub.dev\google_sign_in_android-7.2.10\
[  +26 ms] Found plugin flutter_local_notifications at E:\PubCache\hosted\pub.dev\flutter_local_notifications-21.0.0\
[   +2 ms] Found plugin flutter_local_notifications_windows at E:\PubCache\hosted\pub.dev\flutter_local_notifications_windows-3.0.0\
[   +2 ms] Found plugin flutter_local_notifications_linux at E:\PubCache\hosted\pub.dev\flutter_local_notifications_linux-8.0.0\
[   +5 ms] Found plugin firebase_messaging at E:\PubCache\hosted\pub.dev\firebase_messaging-16.1.3\
[   +1 ms] Found plugin firebase_messaging_web at E:\PubCache\hosted\pub.dev\firebase_messaging_web-4.1.4\
[   +1 ms] Found plugin firebase_core at E:\PubCache\hosted\pub.dev\firebase_core-4.6.0\
[   +1 ms] Found plugin firebase_core_web at E:\PubCache\hosted\pub.dev\firebase_core_web-3.5.1\
[   +3 ms] Found plugin firebase_auth at E:\PubCache\hosted\pub.dev\firebase_auth-6.3.0\
[   +1 ms] Found plugin firebase_auth_web at E:\PubCache\hosted\pub.dev\firebase_auth_web-6.1.4\
[   +6 ms] Found plugin cloud_firestore at E:\PubCache\hosted\pub.dev\cloud_firestore-6.2.0\
[   +1 ms] Found plugin cloud_firestore_web at E:\PubCache\hosted\pub.dev\cloud_firestore_web-5.2.0\
[  +13 ms] Skipping generating dart_plugin_registrant.dart because it is up-to-date.
[        ] gen_dart_plugin_registrant: Complete
[   +3 ms] Skipping target: _composite
[   +2 ms] complete
[   +6 ms] Launching lib\main.dart on SM N970F in debug mode...
[   +5 ms] E:\FluttersSDK\flutter\bin\cache\dart-sdk\bin\dartaotruntime.exe E:\FluttersSDK\flutter\bin\cache\dart-sdk\bin\snapshots\frontend_server_aot.dart.snapshot --sdk-root E:\FluttersSDK\flutter\bin\cache\artifacts\engine\common\flutter_patched_sdk/ --incremental --target=flutter --experimental-emit-debug-metadata -DFLUTTER_VERSION=3.41.2 -DFLUTTER_CHANNEL=stable -DFLUTTER_GIT_URL=https://github.com/flutter/flutter.git -DFLUTTER_FRAMEWORK_REVISION=90673a4eef -DFLUTTER_ENGINE_REVISION=6c0baaebf7 -DFLUTTER_DART_VERSION=3.11.0 --output-dill C:\Users\FAHEEM~1\AppData\Local\Temp\flutter_tools.8cec6343\flutter_tool.73362487\app.dill --packages C:\Users\Faheem Jadoon\Documents\Company APP\.dart_tool\package_config.json -Ddart.vm.profile=false -Ddart.vm.product=false --enable-asserts --track-widget-creation --filesystem-scheme org-dartlang-root --initialize-from-dill build\6f4a15e49d0bc622ec76656f5f470141.cache.dill.track.dill --source file:///C:/Users/Faheem%20Jadoon/Documents/Company%20APP/.dart_tool/flutter_build/dart_plugin_registrant.dart --source package:flutter/src/dart_plugin_registrant.dart -Dflutter.dart_plugin_registrant=file:///C:/Users/Faheem%20Jadoon/Documents/Company%20APP/.dart_tool/flutter_build/dart_plugin_registrant.dart --verbosity=error --enable-experiment=alternative-invalidation-strategy
[  +12 ms] executing: C:\AndroidSDK\Android\Sdk\build-tools\36.1.0\aapt dump xmltree C:\Users\Faheem Jadoon\Documents\Company APP\build\app\outputs\flutter-apk\app-debug.apk AndroidManifest.xml
[  +57 ms] Exit code 0 from: C:\AndroidSDK\Android\Sdk\build-tools\36.1.0\aapt dump xmltree C:\Users\Faheem Jadoon\Documents\Company APP\build\app\outputs\flutter-apk\app-debug.apk AndroidManifest.xml
[        ] N: android=http://schemas.android.com/apk/res/android
             E: manifest (line=2)
               A: android:versionCode(0x0101021b)=(type 0x10)0x1
               A: android:versionName(0x0101021c)="1.0.0" (Raw: "1.0.0")
               A: android:compileSdkVersion(0x01010572)=(type 0x10)0x24
               A: android:compileSdkVersionCodename(0x01010573)="16" (Raw: "16")
               A: package="com.example.company_app" (Raw: "com.example.company_app")
               A: platformBuildVersionCode=(type 0x10)0x24
               A: platformBuildVersionName=(type 0x10)0x10
               E: uses-sdk (line=7)
                 A: android:minSdkVersion(0x0101020c)=(type 0x10)0x18
                 A: android:targetSdkVersion(0x01010270)=(type 0x10)0x24
               E: uses-permission (line=15)
                 A: android:name(0x01010003)="android.permission.INTERNET" (Raw: "android.permission.INTERNET")
               E: queries (line=23)
                 E: intent (line=24)
                   E: action (line=25)
                     A: android:name(0x01010003)="android.intent.action.PROCESS_TEXT" (Raw: "android.intent.action.PROCESS_TEXT")
                   E: data (line=27)
                     A: android:mimeType(0x01010026)="text/plain" (Raw: "text/plain")
               E: uses-permission (line=31)
                 A: android:name(0x01010003)="android.permission.CAMERA" (Raw: "android.permission.CAMERA")
               E: uses-feature (line=33)
                 A: android:name(0x01010003)="android.hardware.camera" (Raw: "android.hardware.camera")
                 A: android:required(0x0101028e)=(type 0x12)0x0
               E: uses-permission (line=37)
                 A: android:name(0x01010003)="android.permission.ACCESS_NETWORK_STATE" (Raw: "android.permission.ACCESS_NETWORK_STATE")
               E: uses-permission (line=38)
                 A: android:name(0x01010003)="android.permission.USE_BIOMETRIC" (Raw: "android.permission.USE_BIOMETRIC")
               E: uses-permission (line=39)
                 A: android:name(0x01010003)="android.permission.USE_FINGERPRINT" (Raw: "android.permission.USE_FINGERPRINT")
               E: uses-permission (line=40)
                 A: android:name(0x01010003)="com.google.android.providers.gsf.permission.READ_GSERVICES" (Raw: "com.google.android.providers.gsf.permission.READ_GSERVICES")
               E: permission (line=42)
                 A: android:name(0x01010003)="com.example.company_app.DYNAMIC_RECEIVER_NOT_EXPORTED_PERMISSION" (Raw: "com.example.company_app.DYNAMIC_RECEIVER_NOT_EXPORTED_PERMISSION")
                 A: android:protectionLevel(0x01010009)=(type 0x11)0x2
               E: uses-permission (line=46)
                 A: android:name(0x01010003)="com.example.company_app.DYNAMIC_RECEIVER_NOT_EXPORTED_PERMISSION" (Raw: "com.example.company_app.DYNAMIC_RECEIVER_NOT_EXPORTED_PERMISSION")
               E: application (line=48)
                 A: android:label(0x01010001)="company_app" (Raw: "company_app")
                 A: android:icon(0x01010002)=@0x7f0d0000
                 A: android:name(0x01010003)="android.app.Application" (Raw: "android.app.Application")
                 A: android:debuggable(0x0101000f)=(type 0x12)0xffffffff
                 A: android:extractNativeLibs(0x010104ea)=(type 0x12)0x0
                 A: android:appComponentFactory(0x0101057a)="androidx.core.app.CoreComponentFactory" (Raw: "androidx.core.app.CoreComponentFactory")
                 E: activity (line=55)
                   A: android:theme(0x01010000)=@0x7f1000a1
                   A: android:name(0x01010003)="com.example.company_app.MainActivity" (Raw: "com.example.company_app.MainActivity")
                   A: android:exported(0x01010010)=(type 0x12)0xffffffff
                   A: android:taskAffinity(0x01010012)="" (Raw: "")
                   A: android:launchMode(0x0101001d)=(type 0x10)0x1
                   A: android:configChanges(0x0101001f)=(type 0x11)0x40003fb4
                   A: android:windowSoftInputMode(0x0101022b)=(type 0x11)0x10
                   A: android:hardwareAccelerated(0x010102d3)=(type 0x12)0xffffffff
                   E: meta-data (line=71)
                     A: android:name(0x01010003)="io.flutter.embedding.android.NormalTheme" (Raw: "io.flutter.embedding.android.NormalTheme")
                     A: android:resource(0x01010025)=@0x7f1000a2
                   E: intent-filter (line=75)
                     E: action (line=76)
                       A: android:name(0x01010003)="android.intent.action.MAIN" (Raw: "android.intent.action.MAIN")
                     E: category (line=78)
                       A: android:name(0x01010003)="android.intent.category.LAUNCHER" (Raw: "android.intent.category.LAUNCHER")
                 E: meta-data (line=85)
                   A: android:name(0x01010003)="flutterEmbedding" (Raw: "flutterEmbedding")
                   A: android:value(0x01010024)=(type 0x10)0x2
                 E: service (line=89)
                   A: android:name(0x01010003)="com.google.firebase.components.ComponentDiscoveryService" (Raw: "com.google.firebase.components.ComponentDiscoveryService")
                   A: android:exported(0x01010010)=(type 0x12)0x0
                   A: android:directBootAware(0x01010505)=(type 0x12)0xffffffff
                   E: meta-data (line=93)
                     A: android:name(0x01010003)="com.google.firebase.components:io.flutter.plugins.firebase.auth.FlutterFirebaseAuthRegistrar" (Raw: "com.google.firebase.components:io.flutter.plugins.firebase.auth.FlutterFirebaseAuthRegistrar")
                     A: android:value(0x01010024)="com.google.firebase.components.ComponentRegistrar" (Raw: "com.google.firebase.components.ComponentRegistrar")
                   E: meta-data (line=96)
                     A: android:name(0x01010003)="com.google.firebase.components:io.flutter.plugins.firebase.firestore.FlutterFirebaseFirestoreRegistrar" (Raw: "com.google.firebase.components:io.flutter.plugins.firebase.firestore.FlutterFirebaseFirestoreRegistrar")
                     A: android:value(0x01010024)="com.google.firebase.components.ComponentRegistrar" (Raw: "com.google.firebase.components.ComponentRegistrar")
                   E: meta-data (line=99)
                     A: android:name(0x01010003)="com.google.firebase.components:io.flutter.plugins.firebase.core.FlutterFirebaseCoreRegistrar" (Raw: "com.google.firebase.components:io.flutter.plugins.firebase.core.FlutterFirebaseCoreRegistrar")
                     A: android:value(0x01010024)="com.google.firebase.components.ComponentRegistrar" (Raw: "com.google.firebase.components.ComponentRegistrar")
                   E: meta-data (line=102)
                     A: android:name(0x01010003)="com.google.firebase.components:com.google.firebase.auth.FirebaseAuthRegistrar" (Raw: "com.google.firebase.components:com.google.firebase.auth.FirebaseAuthRegistrar")
                     A: android:value(0x01010024)="com.google.firebase.components.ComponentRegistrar" (Raw: "com.google.firebase.components.ComponentRegistrar")
                   E: meta-data (line=105)
                     A: android:name(0x01010003)="com.google.firebase.components:com.google.firebase.firestore.FirebaseFirestoreKtxRegistrar" (Raw: "com.google.firebase.components:com.google.firebase.firestore.FirebaseFirestoreKtxRegistrar")
                     A: android:value(0x01010024)="com.google.firebase.components.ComponentRegistrar" (Raw: "com.google.firebase.components.ComponentRegistrar")
                   E: meta-data (line=108)
                     A: android:name(0x01010003)="com.google.firebase.components:com.google.firebase.firestore.FirestoreRegistrar" (Raw: "com.google.firebase.components:com.google.firebase.firestore.FirestoreRegistrar")
                     A: android:value(0x01010024)="com.google.firebase.components.ComponentRegistrar" (Raw: "com.google.firebase.components.ComponentRegistrar")
                   E: meta-data (line=111)
                     A: android:name(0x01010003)="com.google.firebase.components:com.google.firebase.FirebaseCommonKtxRegistrar" (Raw: "com.google.firebase.components:com.google.firebase.FirebaseCommonKtxRegistrar")
                     A: android:value(0x01010024)="com.google.firebase.components.ComponentRegistrar" (Raw: "com.google.firebase.components.ComponentRegistrar")
                 E: activity (line=116)
                   A: android:theme(0x01010000)=@0x01030010
                   A: android:name(0x01010003)="com.google.firebase.auth.internal.GenericIdpActivity" (Raw: "com.google.firebase.auth.internal.GenericIdpActivity")
                   A: android:exported(0x01010010)=(type 0x12)0xffffffff
                   A: android:excludeFromRecents(0x01010017)=(type 0x12)0xffffffff
                   A: android:launchMode(0x0101001d)=(type 0x10)0x2
                   E: intent-filter (line=122)
                     E: action (line=123)
                       A: android:name(0x01010003)="android.intent.action.VIEW" (Raw: "android.intent.action.VIEW")
                     E: category (line=125)
                       A: android:name(0x01010003)="android.intent.category.DEFAULT" (Raw: "android.intent.category.DEFAULT")
                     E: category (line=126)
                       A: android:name(0x01010003)="android.intent.category.BROWSABLE" (Raw: "android.intent.category.BROWSABLE")
                     E: data (line=128)
                       A: android:scheme(0x01010027)="genericidp" (Raw: "genericidp")
                       A: android:host(0x01010028)="firebase.auth" (Raw: "firebase.auth")
                       A: android:path(0x0101002a)="/" (Raw: "/")
                 E: activity (line=134)
                   A: android:theme(0x01010000)=@0x01030010
                   A: android:name(0x01010003)="com.google.firebase.auth.internal.RecaptchaActivity" (Raw: "com.google.firebase.auth.internal.RecaptchaActivity")
                   A: android:exported(0x01010010)=(type 0x12)0xffffffff
                   A: android:excludeFromRecents(0x01010017)=(type 0x12)0xffffffff
                   A: android:launchMode(0x0101001d)=(type 0x10)0x2
                   E: intent-filter (line=140)
                     E: action (line=141)
                       A: android:name(0x01010003)="android.intent.action.VIEW" (Raw: "android.intent.action.VIEW")
                     E: category (line=143)
                       A: android:name(0x01010003)="android.intent.category.DEFAULT" (Raw: "android.intent.category.DEFAULT")
                     E: category (line=144)
                       A: android:name(0x01010003)="android.intent.category.BROWSABLE" (Raw: "android.intent.category.BROWSABLE")
                     E: data (line=146)
                       A: android:scheme(0x01010027)="recaptcha" (Raw: "recaptcha")
                       A: android:host(0x01010028)="firebase.auth" (Raw: "firebase.auth")
                       A: android:path(0x0101002a)="/" (Raw: "/")
                 E: service (line=153)
                   A: android:name(0x01010003)="androidx.credentials.playservices.CredentialProviderMetadataHolder" (Raw: "androidx.credentials.playservices.CredentialProviderMetadataHolder")
                   A: android:enabled(0x0101000e)=(type 0x12)0xffffffff
                   A: android:exported(0x01010010)=(type 0x12)0x0
                   E: meta-data (line=157)
                     A: android:name(0x01010003)="androidx.credentials.CREDENTIAL_PROVIDER_KEY" (Raw: "androidx.credentials.CREDENTIAL_PROVIDER_KEY")
                     A: android:value(0x01010024)="androidx.credentials.playservices.CredentialProviderPlayServicesImpl" (Raw: "androidx.credentials.playservices.CredentialProviderPlayServicesImpl")
                 E: activity (line=162)
                   A: android:theme(0x01010000)=@0x7f10010c
                   A: android:name(0x01010003)="androidx.credentials.playservices.HiddenActivity" (Raw: "androidx.credentials.playservices.HiddenActivity")
                   A: android:enabled(0x0101000e)=(type 0x12)0xffffffff
                   A: android:exported(0x01010010)=(type 0x12)0x0
                   A: android:configChanges(0x0101001f)=(type 0x11)0x5a0
                   A: android:fitsSystemWindows(0x010100dd)=(type 0x12)0xffffffff
                 E: activity (line=170)
                   A: android:theme(0x01010000)=@0x7f10010c
                   A: android:name(0x01010003)="androidx.credentials.playservices.IdentityCredentialApiHiddenActivity" (Raw: "androidx.credentials.playservices.IdentityCredentialApiHiddenActivity")
                   A: android:enabled(0x0101000e)=(type 0x12)0xffffffff
                   A: android:exported(0x01010010)=(type 0x12)0x0
                   A: android:configChanges(0x0101001f)=(type 0x11)0x5a0
                   A: android:fitsSystemWindows(0x010100dd)=(type 0x12)0xffffffff
                 E: service (line=182)
                   A: android:name(0x01010003)="androidx.camera.core.impl.MetadataHolderService" (Raw: "androidx.camera.core.impl.MetadataHolderService")
                   A: android:enabled(0x0101000e)=(type 0x12)0x0
                   A: android:exported(0x01010010)=(type 0x12)0x0
                   E: meta-data (line=186)
                     A: android:name(0x01010003)="androidx.camera.core.impl.MetadataHolderService.DEFAULT_CONFIG_PROVIDER" (Raw: "androidx.camera.core.impl.MetadataHolderService.DEFAULT_CONFIG_PROVIDER")
                     A: android:value(0x01010024)="androidx.camera.camera2.Camera2Config$DefaultProvider" (Raw: "androidx.camera.camera2.Camera2Config$DefaultProvider")
                 E: activity (line=191)
                   A: android:theme(0x01010000)=@0x01030010
                   A: android:name(0x01010003)="com.google.android.gms.auth.api.signin.internal.SignInHubActivity" (Raw: "com.google.android.gms.auth.api.signin.internal.SignInHubActivity")
                   A: android:exported(0x01010010)=(type 0x12)0x0
                   A: android:excludeFromRecents(0x01010017)=(type 0x12)0xffffffff
                 E: service (line=200)
                   A: android:name(0x01010003)="com.google.android.gms.auth.api.signin.RevocationBoundService" (Raw: "com.google.android.gms.auth.api.signin.RevocationBoundService")
                   A: android:permission(0x01010006)="com.google.android.gms.auth.api.signin.permission.REVOCATION_NOTIFICATION" (Raw: "com.google.android.gms.auth.api.signin.permission.REVOCATION_NOTIFICATION")
                   A: android:exported(0x01010010)=(type 0x12)0xffffffff
                   A: android:visibleToInstantApps(0x01010531)=(type 0x12)0xffffffff
                 E: service (line=205)
                   A: android:name(0x01010003)="com.google.mlkit.common.internal.MlKitComponentDiscoveryService" (Raw: "com.google.mlkit.common.internal.MlKitComponentDiscoveryService")
                   A: android:exported(0x01010010)=(type 0x12)0x0
                   A: android:directBootAware(0x01010505)=(type 0x12)0xffffffff
                   E: meta-data (line=209)
                     A: android:name(0x01010003)="com.google.firebase.components:com.google.mlkit.vision.barcode.internal.BarcodeRegistrar" (Raw: "com.google.firebase.components:com.google.mlkit.vision.barcode.internal.BarcodeRegistrar")
                     A: android:value(0x01010024)="com.google.firebase.components.ComponentRegistrar" (Raw: "com.google.firebase.components.ComponentRegistrar")
                   E: meta-data (line=212)
                     A: android:name(0x01010003)="com.google.firebase.components:com.google.mlkit.vision.common.internal.VisionCommonRegistrar" (Raw: "com.google.firebase.components:com.google.mlkit.vision.common.internal.VisionCommonRegistrar")
                     A: android:value(0x01010024)="com.google.firebase.components.ComponentRegistrar" (Raw: "com.google.firebase.components.ComponentRegistrar")
                   E: meta-data (line=215)
                     A: android:name(0x01010003)="com.google.firebase.components:com.google.mlkit.common.internal.CommonComponentRegistrar" (Raw: "com.google.firebase.components:com.google.mlkit.common.internal.CommonComponentRegistrar")
                     A: android:value(0x01010024)="com.google.firebase.components.ComponentRegistrar" (Raw: "com.google.firebase.components.ComponentRegistrar")
                 E: provider (line=220)
                   A: android:name(0x01010003)="com.google.mlkit.common.internal.MlKitInitProvider" (Raw: "com.google.mlkit.common.internal.MlKitInitProvider")
                   A: android:exported(0x01010010)=(type 0x12)0x0
                   A: android:authorities(0x01010018)="com.example.company_app.mlkitinitprovider" (Raw: "com.example.company_app.mlkitinitprovider")
                   A: android:initOrder(0x0101001a)=(type 0x10)0x63
                 E: activity (line=226)
                   A: android:theme(0x01010000)=@0x01030010
                   A: android:name(0x01010003)="com.google.android.gms.common.api.GoogleApiActivity" (Raw: "com.google.android.gms.common.api.GoogleApiActivity")
                   A: android:exported(0x01010010)=(type 0x12)0x0
                 E: provider (line=231)
                   A: android:name(0x01010003)="com.google.firebase.provider.FirebaseInitProvider" (Raw: "com.google.firebase.provider.FirebaseInitProvider")
                   A: android:exported(0x01010010)=(type 0x12)0x0
                   A: android:authorities(0x01010018)="com.example.company_app.firebaseinitprovider" (Raw: "com.example.company_app.firebaseinitprovider")
                   A: android:initOrder(0x0101001a)=(type 0x10)0x64
                   A: android:directBootAware(0x01010505)=(type 0x12)0xffffffff
                 E: uses-library (line=238)
                   A: android:name(0x01010003)="androidx.window.extensions" (Raw: "androidx.window.extensions")
                   A: android:required(0x0101028e)=(type 0x12)0x0
                 E: uses-library (line=241)
                   A: android:name(0x01010003)="androidx.window.sidecar" (Raw: "androidx.window.sidecar")
                   A: android:required(0x0101028e)=(type 0x12)0x0
                 E: meta-data (line=245)
                   A: android:name(0x01010003)="com.google.android.gms.version" (Raw: "com.google.android.gms.version")
                   A: android:value(0x01010024)=@0x7f0a0004
                 E: provider (line=249)
                   A: android:name(0x01010003)="androidx.startup.InitializationProvider" (Raw: "androidx.startup.InitializationProvider")
                   A: android:exported(0x01010010)=(type 0x12)0x0
                   A: android:authorities(0x01010018)="com.example.company_app.androidx-startup" (Raw: "com.example.company_app.androidx-startup")
                   E: meta-data (line=253)
                     A: android:name(0x01010003)="androidx.emoji2.text.EmojiCompatInitializer" (Raw: "androidx.emoji2.text.EmojiCompatInitializer")
                     A: android:value(0x01010024)="androidx.startup" (Raw: "androidx.startup")
                   E: meta-data (line=256)
                     A: android:name(0x01010003)="androidx.lifecycle.ProcessLifecycleInitializer" (Raw: "androidx.lifecycle.ProcessLifecycleInitializer")
                     A: android:value(0x01010024)="androidx.startup" (Raw: "androidx.startup")
                   E: meta-data (line=259)
                     A: android:name(0x01010003)="androidx.profileinstaller.ProfileInstallerInitializer" (Raw: "androidx.profileinstaller.ProfileInstallerInitializer")
                     A: android:value(0x01010024)="androidx.startup" (Raw: "androidx.startup")
                 E: receiver (line=264)
                   A: android:name(0x01010003)="androidx.profileinstaller.ProfileInstallReceiver" (Raw: "androidx.profileinstaller.ProfileInstallReceiver")
                   A: android:permission(0x01010006)="android.permission.DUMP" (Raw: "android.permission.DUMP")
                   A: android:enabled(0x0101000e)=(type 0x12)0xffffffff
                   A: android:exported(0x01010010)=(type 0x12)0xffffffff
                   A: android:directBootAware(0x01010505)=(type 0x12)0x0
                   E: intent-filter (line=270)
                     E: action (line=271)
                       A: android:name(0x01010003)="androidx.profileinstaller.action.INSTALL_PROFILE" (Raw: "androidx.profileinstaller.action.INSTALL_PROFILE")
                   E: intent-filter (line=273)
                     E: action (line=274)
                       A: android:name(0x01010003)="androidx.profileinstaller.action.SKIP_FILE" (Raw: "androidx.profileinstaller.action.SKIP_FILE")
                   E: intent-filter (line=276)
                     E: action (line=277)
                       A: android:name(0x01010003)="androidx.profileinstaller.action.SAVE_PROFILE" (Raw: "androidx.profileinstaller.action.SAVE_PROFILE")
                   E: intent-filter (line=279)
                     E: action (line=280)
                       A: android:name(0x01010003)="androidx.profileinstaller.action.BENCHMARK_OPERATION" (Raw: "androidx.profileinstaller.action.BENCHMARK_OPERATION")
                 E: service (line=284)
                   A: android:name(0x01010003)="com.google.android.datatransport.runtime.backends.TransportBackendDiscovery" (Raw: "com.google.android.datatransport.runtime.backends.TransportBackendDiscovery")
                   A: android:exported(0x01010010)=(type 0x12)0x0
                   E: meta-data (line=287)
                     A: android:name(0x01010003)="backend:com.google.android.datatransport.cct.CctBackendFactory" (Raw: "backend:com.google.android.datatransport.cct.CctBackendFactory")
                     A: android:value(0x01010024)="cct" (Raw: "cct")
                 E: service (line=291)
                   A: android:name(0x01010003)="com.google.android.datatransport.runtime.scheduling.jobscheduling.JobInfoSchedulerService" (Raw: "com.google.android.datatransport.runtime.scheduling.jobscheduling.JobInfoSchedulerService")
                   A: android:permission(0x01010006)="android.permission.BIND_JOB_SERVICE" (Raw: "android.permission.BIND_JOB_SERVICE")
                   A: android:exported(0x01010010)=(type 0x12)0x0
                 E: receiver (line=297)
                   A: android:name(0x01010003)="com.google.android.datatransport.runtime.scheduling.jobscheduling.AlarmManagerSchedulerBroadcastReceiver" (Raw: "com.google.android.datatransport.runtime.scheduling.jobscheduling.AlarmManagerSchedulerBroadcastReceiver")
                   A: android:exported(0x01010010)=(type 0x12)0x0
                 E: activity (line=300)
                   A: android:theme(0x01010000)=@0x7f10010d
                   A: android:name(0x01010003)="com.google.android.play.core.common.PlayCoreDialogWrapperActivity" (Raw: "com.google.android.play.core.common.PlayCoreDialogWrapperActivity")
                   A: android:exported(0x01010010)=(type 0x12)0x0
                   A: android:stateNotNeeded(0x01010016)=(type 0x12)0xffffffff
[  +14 ms] executing: C:\AndroidSDK\Android\Sdk\platform-tools\adb.exe -s 192.168.0.100:44367 shell -x logcat -v time -t 1
[  +18 ms] <- compile package:company_app/main.dart
[ +595 ms] --------- beginning of main
           03-31 21:20:45.691 D/SemNscXgbL2Nrt(  972): L2 NRT 1 sample inference time: 3.620038 msecs
[  +13 ms] executing: C:\AndroidSDK\Android\Sdk\platform-tools\adb.exe version
[  +54 ms] Android Debug Bridge version 1.0.41
           Version 36.0.2-14143358
           Installed as C:\AndroidSDK\Android\Sdk\platform-tools\adb.exe
           Running on Windows 10.0.26200
[   +1 ms] executing: C:\AndroidSDK\Android\Sdk\platform-tools\adb.exe start-server
[  +58 ms] Building APK
[   +9 ms] executing: C:\Program Files\Android\Android Studio\jbr\bin\java -version
[ +178 ms] Exit code 0 from: C:\Program Files\Android\Android Studio\jbr\bin\java -version
[        ] openjdk version "21.0.9" 2025-10-21
           OpenJDK Runtime Environment (build 21.0.9+-14649483-b1163.86)
           OpenJDK 64-Bit Server VM (build 21.0.9+-14649483-b1163.86, mixed mode)
[   +9 ms] Top-level Gradle build file not found, skipping migration of task "clean".
[   +2 ms] executing: C:\Program Files\Android\Android Studio\jbr\bin\java --version
[ +160 ms] Exit code 0 from: C:\Program Files\Android\Android Studio\jbr\bin\java --version
[        ] openjdk 21.0.9 2025-10-21
           OpenJDK Runtime Environment (build 21.0.9+-14649483-b1163.86)
           OpenJDK 64-Bit Server VM (build 21.0.9+-14649483-b1163.86, mixed mode)
[   +2 ms] Version of Java is different than impacted version, no migration attempted.
[  +20 ms] CMake project not found, skipping support Android 15 16k page size migration.
[   +5 ms] Using gradle from C:\Users\Faheem Jadoon\Documents\Company APP\android\gradlew.bat.
[  +17 ms] LocalFile: 'C:\Users\Faheem Jadoon\Documents\Company APP\android\build.gradle.kts' doesn't provide an AGP version. Checking settings.
[   +1 ms] LocalFile: 'C:\Users\Faheem Jadoon\Documents\Company APP\android\settings.gradle.kts' provides AGP version: 8.11.1
[   +1 ms] Running Gradle task 'assembleDebug'...
[   +1 ms] executing: [C:\Users\Faheem Jadoon\Documents\Company APP\android/] C:\Users\Faheem Jadoon\Documents\Company APP\android\gradlew.bat --full-stacktrace --info -Pverbose=true -Ptarget-platform=android-arm64 -Ptarget=C:\Users\Faheem Jadoon\Documents\Company APP\lib\main.dart -Pbase-application-name=android.app.Application -Pdart-defines=RkxVVFRFUl9WRVJTSU9OPTMuNDEuMg==,RkxVVFRFUl9DSEFOTkVMPXN0YWJsZQ==,RkxVVFRFUl9HSVRfVVJMPWh0dHBzOi8vZ2l0aHViLmNvbS9mbHV0dGVyL2ZsdXR0ZXIuZ2l0,RkxVVFRFUl9GUkFNRVdPUktfUkVWSVNJT049OTA2NzNhNGVlZg==,RkxVVFRFUl9FTkdJTkVfUkVWSVNJT049NmMwYmFhZWJmNw==,RkxVVFRFUl9EQVJUX1ZFUlNJT049My4xMS4w -Pdart-obfuscation=false -Ptrack-widget-creation=true -Ptree-shake-icons=false -Pfilesystem-scheme=org-dartlang-root assembleDebug
[+1438 ms] Initialized native services in: C:\Users\Faheem Jadoon\.gradle\native
[  +16 ms] Initialized jansi services in: C:\Users\Faheem Jadoon\.gradle\native
[ +639 ms] Found daemon DaemonInfo{pid=14156, address=[73a786d1-a2d6-49e2-ac33-9158283710a5 port:52750, addresses:[/127.0.0.1]], state=Idle, lastBusy=1774960782306, context=DefaultDaemonContext[uid=cf4947b3-92ef-4d30-8fed-9595cb15515f,javaHome=C:\Program Files\Java\jdk-17.0.18,javaVersion=17,javaVendor=Oracle Corporation,daemonRegistryDir=C:\Users\Faheem Jadoon\.gradle\daemon,pid=14156,idleTimeout=10800000,priority=NORMAL,applyInstrumentationAgent=true,nativeServicesMode=ENABLED,daemonOpts=-XX:MaxMetaspaceSize=4G,-XX:ReservedCodeCacheSize=512m,-XX:+HeapDumpOnOutOfMemoryError,-Xmx8G,-Dfile.encoding=UTF-8,-Duser.country=GB,-Duser.language=en,-Duser.variant]} however its context does not match the desired criteria.
[        ] JVM is incompatible.
[        ] Wanted: DaemonRequestContext{jvmCriteria=C:\Program Files\Android\Android Studio\jbr (no JDK specified, using current Java home), daemonOpts=[-XX:MaxMetaspaceSize=4G, -XX:ReservedCodeCacheSize=512m, -XX:+HeapDumpOnOutOfMemoryError, -Xmx8G, -Dfile.encoding=UTF-8, -Duser.country=GB, -Duser.language=en, -Duser.variant], applyInstrumentationAgent=true, nativeServicesMode=ENABLED, priority=NORMAL}
[   +1 ms] Actual: DefaultDaemonContext[uid=cf4947b3-92ef-4d30-8fed-9595cb15515f,javaHome=C:\Program Files\Java\jdk-17.0.18,javaVersion=17,javaVendor=Oracle Corporation,daemonRegistryDir=C:\Users\Faheem Jadoon\.gradle\daemon,pid=14156,idleTimeout=10800000,priority=NORMAL,applyInstrumentationAgent=true,nativeServicesMode=ENABLED,daemonOpts=-XX:MaxMetaspaceSize=4G,-XX:ReservedCodeCacheSize=512m,-XX:+HeapDumpOnOutOfMemoryError,-Xmx8G,-Dfile.encoding=UTF-8,-Duser.country=GB,-Duser.language=en,-Duser.variant]
[        ]   Looking for a different daemon...
[        ] Found daemon DaemonInfo{pid=16704, address=[28b4a36b-982c-4cb5-b3f3-6cd6c1163782 port:56961, addresses:[/127.0.0.1]], state=Idle, lastBusy=1774964486918, context=DefaultDaemonContext[uid=3dff96be-57cb-4fc4-a3a6-f22b3e64757e,javaHome=C:\Program Files\Java\jdk-17.0.18,javaVersion=17,javaVendor=Oracle Corporation,daemonRegistryDir=C:\Users\Faheem Jadoon\.gradle\daemon,pid=16704,idleTimeout=10800000,priority=NORMAL,applyInstrumentationAgent=true,nativeServicesMode=ENABLED,daemonOpts=-XX:MaxMetaspaceSize=4G,-XX:ReservedCodeCacheSize=512m,-XX:+HeapDumpOnOutOfMemoryError,-Xmx8G,-Dfile.encoding=windows-1252,-Duser.country=GB,-Duser.language=en,-Duser.variant]} however its context does not match the desired criteria.
[        ] JVM is incompatible.
[   +4 ms] Wanted: DaemonRequestContext{jvmCriteria=C:\Program Files\Android\Android Studio\jbr (no JDK specified, using current Java home), daemonOpts=[-XX:MaxMetaspaceSize=4G, -XX:ReservedCodeCacheSize=512m, -XX:+HeapDumpOnOutOfMemoryError, -Xmx8G, -Dfile.encoding=UTF-8, -Duser.country=GB, -Duser.language=en, -Duser.variant], applyInstrumentationAgent=true, nativeServicesMode=ENABLED, priority=NORMAL}
[        ] Actual: DefaultDaemonContext[uid=3dff96be-57cb-4fc4-a3a6-f22b3e64757e,javaHome=C:\Program Files\Java\jdk-17.0.18,javaVersion=17,javaVendor=Oracle Corporation,daemonRegistryDir=C:\Users\Faheem Jadoon\.gradle\daemon,pid=16704,idleTimeout=10800000,priority=NORMAL,applyInstrumentationAgent=true,nativeServicesMode=ENABLED,daemonOpts=-XX:MaxMetaspaceSize=4G,-XX:ReservedCodeCacheSize=512m,-XX:+HeapDumpOnOutOfMemoryError,-Xmx8G,-Dfile.encoding=windows-1252,-Duser.country=GB,-Duser.language=en,-Duser.variant]
[        ]   Looking for a different daemon...
[  +82 ms] The client will now receive all logging from the daemon (pid: 11048). The daemon log file: C:\Users\Faheem Jadoon\.gradle\daemon\8.14\daemon-11048.out.log
[        ] Starting 10th build in daemon [uptime: 2 hrs 35 mins 24.911 secs, performance: 99%, GC rate: 0.00/s, heap usage: 0% of 8 GiB, non-heap usage: 4% of 4 GiB]
[   +1 ms] Using 4 worker leases.
[        ] Now considering [C:\Users\Faheem Jadoon\Documents\Company APP\android, E:\FluttersSDK\flutter\packages\flutter_tools\gradle] as hierarchies to watch
[        ] Watching the file system is configured to be enabled if available
[        ] File system watching is active
[        ] Starting Build
[ +106 ms] Now considering [E:\FluttersSDK\flutter\packages\flutter_tools\gradle, C:\Users\Faheem Jadoon\Documents\Company APP\android] as hierarchies to watch
[  +97 ms] > Configure project :gradle
[        ] Evaluating project ':gradle' using build file 'E:\FluttersSDK\flutter\packages\flutter_tools\gradle\build.gradle.kts'.
[        ] Resolved plugin [id: 'org.gradle.java-gradle-plugin']
[   +1 ms] Resolved plugin [id: 'org.gradle.groovy']
[        ] Resolved plugin [id: 'org.gradle.kotlin.kotlin-dsl', version: '5.2.0']
[        ] Resolved plugin [id: 'org.jetbrains.kotlin.jvm', version: '1.9.20']
[        ] Using Kotlin Gradle Plugin gradle85 variant
[        ] kotlin scripting plugin: created the scripting discovery configuration: kotlinScriptDef
[        ] kotlin scripting plugin: created the scripting discovery configuration: testKotlinScriptDef
[        ] file or directory 'E:\FluttersSDK\flutter\packages\flutter_tools\gradle\src\main\java', not found
[        ] Resolved plugin [id: 'dev.flutter.flutter-plugin-loader', version: '1.0.0']
[   +1 ms] Resolved plugin [id: 'com.android.application', version: '8.11.1', apply: false]
[        ] Resolved plugin [id: 'org.jetbrains.kotlin.android', version: '2.2.20', apply: false]
[        ] Resolved plugin [id: 'com.google.gms.google-services', version: '4.4.2', apply: false]
[   +1 ms] Resolve mutations for :gradle:checkKotlinGradlePluginConfigurationErrors (Thread[#744,included builds,5,main]) started.
[        ] :gradle:checkKotlinGradlePluginConfigurationErrors (Thread[#744,included builds,5,main]) started.
[        ] > Task :gradle:checkKotlinGradlePluginConfigurationErrors SKIPPED
[        ] Skipping task ':gradle:checkKotlinGradlePluginConfigurationErrors' as task onlyIf 'errorDiagnostics are present' is false.
[        ] Resolve mutations for :gradle:compileKotlin (Thread[#745,Execution worker,5,main]) started.
[        ] :gradle:compileKotlin (Thread[#745,Execution worker,5,main]) started.
[ +116 ms] > Task :gradle:compileKotlin UP-TO-DATE
[        ] Caching disabled for task ':gradle:compileKotlin' because:
[        ]   Build cache is disabled
[        ] Skipping task ':gradle:compileKotlin' as it is up-to-date.
[        ] Resolve mutations for :gradle:compileJava (Thread[#745,Execution worker,5,main]) started.
[        ] :gradle:compileJava (Thread[#745,Execution worker,5,main]) started.
[        ] > Task :gradle:compileJava NO-SOURCE
[        ] Skipping task ':gradle:compileJava' as it has no source files and no previous output files.
[        ] Resolve mutations for :gradle:compileGroovy (Thread[#745,Execution worker,5,main]) started.
[        ] :gradle:compileGroovy (Thread[#745,Execution worker,5,main]) started.
[        ] > Task :gradle:compileGroovy NO-SOURCE
[        ] Skipping task ':gradle:compileGroovy' as it has no source files and no previous output files.
[        ] Resolve mutations for :gradle:pluginDescriptors (Thread[#745,Execution worker,5,main]) started.
[        ] :gradle:pluginDescriptors (Thread[#745,Execution worker,5,main]) started.
[   +3 ms] > Task :gradle:pluginDescriptors UP-TO-DATE
[        ] Caching disabled for task ':gradle:pluginDescriptors' because:
[        ]   Build cache is disabled
[   +1 ms]   Not worth caching
[        ] Skipping task ':gradle:pluginDescriptors' as it is up-to-date.
[        ] Resolve mutations for :gradle:processResources (Thread[#745,Execution worker,5,main]) started.
[        ] :gradle:processResources (Thread[#745,Execution worker,5,main]) started.
[        ] > Task :gradle:processResources UP-TO-DATE
[        ] Caching disabled for task ':gradle:processResources' because:
[        ]   Build cache is disabled
[        ]   Not worth caching
[        ] Skipping task ':gradle:processResources' as it is up-to-date.
[   +1 ms] Resolve mutations for :gradle:classes (Thread[#745,Execution worker,5,main]) started.
[        ] :gradle:classes (Thread[#745,Execution worker,5,main]) started.
[        ] > Task :gradle:classes UP-TO-DATE
[        ] Skipping task ':gradle:classes' as it has no actions.
[        ] Resolve mutations for :gradle:jar (Thread[#745,Execution worker,5,main]) started.
[        ] :gradle:jar (Thread[#745,Execution worker,5,main]) started.
[        ] > Task :gradle:jar UP-TO-DATE
[        ] Caching disabled for task ':gradle:jar' because:
[        ]   Build cache is disabled
[        ]   Not worth caching
[        ] Skipping task ':gradle:jar' as it is up-to-date.
[ +267 ms] Settings evaluated using settings file 'C:\Users\Faheem Jadoon\Documents\Company APP\android\settings.gradle.kts'.
[        ] Projects loaded. Root project using build file 'C:\Users\Faheem Jadoon\Documents\Company APP\android\build.gradle.kts'.
[        ] Included projects: [root project 'android', project ':app', project ':cloud_firestore', project ':firebase_auth', project ':firebase_core', project ':firebase_messaging', project ':flutter_local_notifications', project ':google_sign_in_android', project ':mobile_scanner', project ':path_provider_android']
[ +297 ms] > Configure project :app
[        ] Evaluating project ':app' using build file 'C:\Users\Faheem Jadoon\Documents\Company APP\android\app\build.gradle.kts'.
[        ] Resolved plugin [id: 'com.android.application']
[        ] Resolved plugin [id: 'kotlin-android']
[        ] Resolved plugin [id: 'dev.flutter.flutter-gradle-plugin']
[        ] Resolved plugin [id: 'com.google.gms.google-services']
[        ] Using default execution profile
[        ] Build deff802d-b735-4c72-903b-cfe94f078fbe is started
[        ] Using Kotlin Gradle Plugin gradle813 variant
[        ] C/C++: android.ndkVersion from module build.gradle is [28.2.13676358]
[        ] C/C++: android.ndkPath from module build.gradle is not set
[        ] C/C++: ndk.dir in local.properties is not set
[        ] C/C++: Not considering ANDROID_NDK_HOME because support was removed after deprecation period.
[        ] C/C++: sdkFolder is C:\AndroidSDK\Android\Sdk
[        ] C/C++: android.ndkVersion from module build.gradle is [28.2.13676358]
[        ] C/C++: android.ndkPath from module build.gradle is not set
[        ] C/C++: ndk.dir in local.properties is not set
[        ] C/C++: Not considering ANDROID_NDK_HOME because support was removed after deprecation period.
[        ] C/C++: sdkFolder is C:\AndroidSDK\Android\Sdk
[        ] C/C++: android.ndkVersion from module build.gradle is [28.2.13676358]
[        ] C/C++: android.ndkPath from module build.gradle is not set
[        ] C/C++: ndk.dir in local.properties is not set
[        ] C/C++: Not considering ANDROID_NDK_HOME because support was removed after deprecation period.
[        ] C/C++: sdkFolder is C:\AndroidSDK\Android\Sdk
[        ] C/C++: android.ndkVersion from module build.gradle is [28.2.13676358]
[        ] C/C++: android.ndkPath from module build.gradle is not set
[        ] C/C++: ndk.dir in local.properties is not set
[        ] C/C++: Not considering ANDROID_NDK_HOME because support was removed after deprecation period.
[        ] C/C++: sdkFolder is C:\AndroidSDK\Android\Sdk
[        ] C/C++: android.ndkVersion from module build.gradle is [28.2.13676358]
[        ] C/C++: android.ndkPath from module build.gradle is not set
[        ] C/C++: ndk.dir in local.properties is not set
[        ] C/C++: Not considering ANDROID_NDK_HOME because support was removed after deprecation period.
[        ] C/C++: sdkFolder is C:\AndroidSDK\Android\Sdk
[        ] C/C++: android.ndkVersion from module build.gradle is [28.2.13676358]
[        ] C/C++: android.ndkPath from module build.gradle is not set
[        ] C/C++: ndk.dir in local.properties is not set
[        ] C/C++: Not considering ANDROID_NDK_HOME because support was removed after deprecation period.
[        ] C/C++: sdkFolder is C:\AndroidSDK\Android\Sdk
[   +2 ms] C/C++: android.ndkVersion from module build.gradle is [28.2.13676358]
[        ] C/C++: android.ndkPath from module build.gradle is not set
[        ] C/C++: ndk.dir in local.properties is not set
[        ] C/C++: Not considering ANDROID_NDK_HOME because support was removed after deprecation period.
[        ] C/C++: sdkFolder is C:\AndroidSDK\Android\Sdk
[        ] C/C++: android.ndkVersion from module build.gradle is [28.2.13676358]
[        ] C/C++: android.ndkPath from module build.gradle is not set
[        ] C/C++: ndk.dir in local.properties is not set
[        ] C/C++: Not considering ANDROID_NDK_HOME because support was removed after deprecation period.
[        ] C/C++: sdkFolder is C:\AndroidSDK\Android\Sdk
[        ] C/C++: android.ndkVersion from module build.gradle is [28.2.13676358]
[   +1 ms] C/C++: android.ndkPath from module build.gradle is not set
[        ] C/C++: ndk.dir in local.properties is not set
[        ] C/C++: Not considering ANDROID_NDK_HOME because support was removed after deprecation period.
[        ] C/C++: sdkFolder is C:\AndroidSDK\Android\Sdk
[        ] C/C++: android.ndkVersion from module build.gradle is [28.2.13676358]
[        ] C/C++: android.ndkPath from module build.gradle is not set
[        ] C/C++: ndk.dir in local.properties is not set
[        ] C/C++: Not considering ANDROID_NDK_HOME because support was removed after deprecation period.
[        ] C/C++: sdkFolder is C:\AndroidSDK\Android\Sdk
[        ] C/C++: android.ndkVersion from module build.gradle is [28.2.13676358]
[        ] C/C++: android.ndkPath from module build.gradle is not set
[        ] C/C++: ndk.dir in local.properties is not set
[        ] C/C++: Not considering ANDROID_NDK_HOME because support was removed after deprecation period.
[        ] C/C++: sdkFolder is C:\AndroidSDK\Android\Sdk
[        ] C/C++: android.ndkVersion from module build.gradle is [28.2.13676358]
[   +1 ms] C/C++: android.ndkPath from module build.gradle is not set
[   +3 ms] C/C++: ndk.dir in local.properties is not set
[        ] C/C++: Not considering ANDROID_NDK_HOME because support was removed after deprecation period.
[        ] C/C++: sdkFolder is C:\AndroidSDK\Android\Sdk
[        ] C/C++: android.ndkVersion from module build.gradle is [28.2.13676358]
[        ] C/C++: android.ndkPath from module build.gradle is not set
[        ] C/C++: ndk.dir in local.properties is not set
[        ] C/C++: Not considering ANDROID_NDK_HOME because support was removed after deprecation period.
[        ] C/C++: sdkFolder is C:\AndroidSDK\Android\Sdk
[        ] C/C++: android.ndkVersion from module build.gradle is [28.2.13676358]
[        ] C/C++: android.ndkPath from module build.gradle is not set
[        ] C/C++: ndk.dir in local.properties is not set
[        ] C/C++: Not considering ANDROID_NDK_HOME because support was removed after deprecation period.
[        ] C/C++: sdkFolder is C:\AndroidSDK\Android\Sdk
[        ] C/C++: android.ndkVersion from module build.gradle is [28.2.13676358]
[        ] C/C++: android.ndkPath from module build.gradle is not set
[        ] C/C++: ndk.dir in local.properties is not set
[        ] C/C++: Not considering ANDROID_NDK_HOME because support was removed after deprecation period.
[        ] C/C++: sdkFolder is C:\AndroidSDK\Android\Sdk
[        ] C/C++: android.ndkVersion from module build.gradle is [28.2.13676358]
[        ] C/C++: android.ndkPath from module build.gradle is not set
[        ] C/C++: ndk.dir in local.properties is not set
[        ] C/C++: Not considering ANDROID_NDK_HOME because support was removed after deprecation period.
[        ] C/C++: sdkFolder is C:\AndroidSDK\Android\Sdk
[        ] C/C++: android.ndkVersion from module build.gradle is [28.2.13676358]
[        ] C/C++: android.ndkPath from module build.gradle is not set
[        ] C/C++: ndk.dir in local.properties is not set
[        ] C/C++: Not considering ANDROID_NDK_HOME because support was removed after deprecation period.
[        ] C/C++: sdkFolder is C:\AndroidSDK\Android\Sdk
[        ] C/C++: android.ndkVersion from module build.gradle is [28.2.13676358]
[        ] C/C++: android.ndkPath from module build.gradle is not set
[        ] C/C++: ndk.dir in local.properties is not set
[        ] C/C++: Not considering ANDROID_NDK_HOME because support was removed after deprecation period.
[        ] C/C++: sdkFolder is C:\AndroidSDK\Android\Sdk
[        ] C/C++: android.ndkVersion from module build.gradle is [28.2.13676358]
[        ] C/C++: android.ndkPath from module build.gradle is not set
[   +1 ms] C/C++: ndk.dir in local.properties is not set
[   +1 ms] C/C++: Not considering ANDROID_NDK_HOME because support was removed after deprecation period.
[        ] C/C++: sdkFolder is C:\AndroidSDK\Android\Sdk
[        ] > Configure project :
[        ] Evaluating root project 'android' using build file 'C:\Users\Faheem Jadoon\Documents\Company APP\android\build.gradle.kts'.
[  +59 ms] > Configure project :cloud_firestore
[   +1 ms] Evaluating project ':cloud_firestore' using build file 'E:\PubCache\hosted\pub.dev\cloud_firestore-6.2.0\android\build.gradle'.
[        ] Using default execution profile
[ +105 ms] > Configure project :firebase_auth
[        ] Evaluating project ':firebase_auth' using build file 'E:\PubCache\hosted\pub.dev\firebase_auth-6.3.0\android\build.gradle'.
[        ] Using default execution profile
[        ] > Configure project :firebase_core
[        ] Evaluating project ':firebase_core' using build file 'E:\PubCache\hosted\pub.dev\firebase_core-4.6.0\android\build.gradle'.
[        ] Using default execution profile
[        ] > Configure project :firebase_messaging
[        ] Evaluating project ':firebase_messaging' using build file 'E:\PubCache\hosted\pub.dev\firebase_messaging-16.1.3\android\build.gradle'.
[        ] Using default execution profile
[  +91 ms] > Configure project :flutter_local_notifications
[        ] Evaluating project ':flutter_local_notifications' using build file 'E:\PubCache\hosted\pub.dev\flutter_local_notifications-21.0.0\android\build.gradle'.
[        ] Using default execution profile
[ +201 ms] > Configure project :google_sign_in_android
[        ] Evaluating project ':google_sign_in_android' using build file 'E:\PubCache\hosted\pub.dev\google_sign_in_android-7.2.10\android\build.gradle.kts'.
[        ] Resolved plugin [id: 'com.android.library']
[        ] Resolved plugin [id: 'kotlin-android']
[        ] Using default execution profile
[        ] Using Kotlin Gradle Plugin gradle813 variant
[  +95 ms] > Configure project :mobile_scanner
[        ] Evaluating project ':mobile_scanner' using build file 'E:\PubCache\hosted\pub.dev\mobile_scanner-7.2.0\android\build.gradle'.
[        ] Using default execution profile
[        ] Using Kotlin Gradle Plugin gradle813 variant
[ +110 ms] > Configure project :path_provider_android
[        ] Evaluating project ':path_provider_android' using build file 'E:\PubCache\hosted\pub.dev\path_provider_android-2.2.23\android\build.gradle.kts'.
[        ] Resolved plugin [id: 'com.android.library']
[        ] Using default execution profile
[        ] All projects evaluated.
[        ] Task name matched 'assembleDebug'
[   +4 ms] Selected primary task 'assembleDebug' from project :
[        ] Adding -Xuse-inline-scopes-numbers Kotlin compiler flag for task :app:compileDebugKotlin
[ +384 ms] Tasks to be executed: [task ':app:DebugMinSdkCheck', task ':app:preBuild', task ':app:preDebugBuild', task ':app:mergeDebugNativeDebugMetadata', task ':app:checkKotlinGradlePluginConfigurationErrors', task ':app:compileFlutterBuildDebug', task ':app:packJniLibsflutterBuildDebug', task ':cloud_firestore:preBuild', task ':cloud_firestore:preDebugBuild', task ':cloud_firestore:writeDebugAarMetadata', task ':firebase_auth:preBuild', task ':firebase_auth:preDebugBuild', task ':firebase_auth:writeDebugAarMetadata', task ':firebase_core:preBuild', task ':firebase_core:preDebugBuild', task ':firebase_core:writeDebugAarMetadata', task ':firebase_messaging:preBuild', task ':firebase_messaging:preDebugBuild', task ':firebase_messaging:writeDebugAarMetadata', task ':flutter_local_notifications:preBuild', task ':flutter_local_notifications:preDebugBuild', task ':flutter_local_notifications:writeDebugAarMetadata', task ':google_sign_in_android:preBuild', task ':google_sign_in_android:preDebugBuild', task ':google_sign_in_android:writeDebugAarMetadata', task ':mobile_scanner:preBuild', task ':mobile_scanner:preDebugBuild', task ':mobile_scanner:writeDebugAarMetadata', task ':path_provider_android:preBuild', task ':path_provider_android:preDebugBuild', task ':path_provider_android:writeDebugAarMetadata', task ':app:checkDebugAarMetadata', task ':app:cleanMergeDebugAssets', task ':app:mergeDebugShaders', task ':app:compileDebugShaders', task ':app:generateDebugAssets', task ':cloud_firestore:mergeDebugShaders', task ':cloud_firestore:compileDebugShaders', task ':cloud_firestore:generateDebugAssets', task ':cloud_firestore:mergeDebugAssets', task ':firebase_auth:mergeDebugShaders', task ':firebase_auth:compileDebugShaders', task ':firebase_auth:generateDebugAssets', task ':firebase_auth:mergeDebugAssets', task ':firebase_core:mergeDebugShaders', task ':firebase_core:compileDebugShaders', task ':firebase_core:generateDebugAssets', task ':firebase_core:mergeDebugAssets', task ':firebase_messaging:mergeDebugShaders', task ':firebase_messaging:compileDebugShaders', task ':firebase_messaging:generateDebugAssets', task ':firebase_messaging:mergeDebugAssets', task ':flutter_local_notifications:mergeDebugShaders', task ':flutter_local_notifications:compileDebugShaders', task ':flutter_local_notifications:generateDebugAssets', task ':flutter_local_notifications:mergeDebugAssets', task ':google_sign_in_android:mergeDebugShaders', task ':google_sign_in_android:compileDebugShaders', task ':google_sign_in_android:generateDebugAssets', task ':google_sign_in_android:mergeDebugAssets', task ':mobile_scanner:mergeDebugShaders', task ':mobile_scanner:compileDebugShaders', task ':mobile_scanner:generateDebugAssets', task ':mobile_scanner:mergeDebugAssets', task ':path_provider_android:mergeDebugShaders', task ':path_provider_android:compileDebugShaders', task ':path_provider_android:generateDebugAssets', task ':path_provider_android:mergeDebugAssets', task ':app:mergeDebugAssets', task ':app:copyFlutterAssetsDebug', task ':app:generateDebugResValues', task ':app:processDebugGoogleServices', task ':cloud_firestore:generateDebugResValues', task ':cloud_firestore:generateDebugResources', task ':cloud_firestore:packageDebugResources', task ':firebase_auth:generateDebugResValues', task ':firebase_auth:generateDebugResources', task ':firebase_auth:packageDebugResources', task ':firebase_core:generateDebugResValues', task ':firebase_core:generateDebugResources', task ':firebase_core:packageDebugResources', task ':firebase_messaging:generateDebugResValues', task ':firebase_messaging:generateDebugResources', task ':firebase_messaging:packageDebugResources', task ':flutter_local_notifications:generateDebugResValues', task ':flutter_local_notifications:generateDebugResources', task ':flutter_local_notifications:packageDebugResources', task ':google_sign_in_android:generateDebugResValues', task ':google_sign_in_android:generateDebugResources', task ':google_sign_in_android:packageDebugResources', task ':mobile_scanner:generateDebugResValues', task ':mobile_scanner:generateDebugResources', task ':mobile_scanner:packageDebugResources', task ':path_provider_android:generateDebugResValues', task ':path_provider_android:generateDebugResources', task ':path_provider_android:packageDebugResources', task ':app:mapDebugSourceSetPaths', task ':app:generateDebugResources', task ':app:mergeDebugResources', task ':app:packageDebugResources', task ':app:parseDebugLocalResources', task ':app:createDebugCompatibleScreenManifests', task ':app:extractDeepLinksDebug', task ':cloud_firestore:extractDeepLinksDebug', task ':cloud_firestore:processDebugManifest', task ':firebase_auth:extractDeepLinksDebug', task ':firebase_auth:processDebugManifest', task ':firebase_core:extractDeepLinksDebug', task ':firebase_core:processDebugManifest', task ':firebase_messaging:extractDeepLinksDebug', task ':firebase_messaging:processDebugManifest', task ':flutter_local_notifications:extractDeepLinksDebug', task ':flutter_local_notifications:processDebugManifest', task ':google_sign_in_android:extractDeepLinksDebug', task ':google_sign_in_android:processDebugManifest', task ':mobile_scanner:extractDeepLinksDebug', task ':mobile_scanner:processDebugManifest', task ':path_provider_android:extractDeepLinksDebug', task ':path_provider_android:processDebugManifest', task ':app:processDebugMainManifest', task ':app:outputDebugAppLinkSettings', task ':app:processDebugManifest', task ':app:processDebugManifestForPackage', task ':cloud_firestore:compileDebugLibraryResources', task ':cloud_firestore:parseDebugLocalResources', task ':cloud_firestore:generateDebugRFile', task ':firebase_auth:compileDebugLibraryResources', task ':firebase_auth:parseDebugLocalResources', task ':firebase_auth:generateDebugRFile', task ':firebase_core:compileDebugLibraryResources', task ':firebase_core:parseDebugLocalResources', task ':firebase_core:generateDebugRFile', task ':firebase_messaging:compileDebugLibraryResources', task ':firebase_messaging:parseDebugLocalResources', task ':firebase_messaging:generateDebugRFile', task ':flutter_local_notifications:compileDebugLibraryResources', task ':flutter_local_notifications:parseDebugLocalResources', task ':flutter_local_notifications:generateDebugRFile', task ':google_sign_in_android:compileDebugLibraryResources', task ':google_sign_in_android:parseDebugLocalResources', task ':google_sign_in_android:generateDebugRFile', task ':mobile_scanner:compileDebugLibraryResources', task ':mobile_scanner:parseDebugLocalResources', task ':mobile_scanner:generateDebugRFile', task ':path_provider_android:compileDebugLibraryResources', task ':path_provider_android:parseDebugLocalResources', task ':path_provider_android:generateDebugRFile', task ':app:processDebugResources', task ':cloud_firestore:generateDebugBuildConfig', task ':cloud_firestore:javaPreCompileDebug', task ':firebase_core:generateDebugBuildConfig', task ':firebase_core:javaPreCompileDebug', task ':firebase_core:compileDebugJavaWithJavac', task ':firebase_core:bundleLibCompileToJarDebug', task ':cloud_firestore:compileDebugJavaWithJavac', task ':cloud_firestore:bundleLibCompileToJarDebug', task ':firebase_auth:generateDebugBuildConfig', task ':firebase_auth:javaPreCompileDebug', task ':firebase_auth:compileDebugJavaWithJavac', task ':firebase_auth:bundleLibCompileToJarDebug', task ':firebase_messaging:generateDebugBuildConfig', task ':firebase_messaging:javaPreCompileDebug', task ':firebase_messaging:compileDebugJavaWithJavac', task ':firebase_messaging:bundleLibCompileToJarDebug', task ':flutter_local_notifications:javaPreCompileDebug', task ':flutter_local_notifications:compileDebugJavaWithJavac', task ':flutter_local_notifications:bundleLibCompileToJarDebug', task ':google_sign_in_android:checkKotlinGradlePluginConfigurationErrors', task ':google_sign_in_android:compileDebugKotlin', task ':google_sign_in_android:javaPreCompileDebug', task ':google_sign_in_android:compileDebugJavaWithJavac', task ':google_sign_in_android:bundleLibCompileToJarDebug', task ':mobile_scanner:checkKotlinGradlePluginConfigurationErrors', task ':mobile_scanner:compileDebugKotlin', task ':mobile_scanner:javaPreCompileDebug', task ':mobile_scanner:compileDebugJavaWithJavac', task ':mobile_scanner:bundleLibCompileToJarDebug', task ':path_provider_android:javaPreCompileDebug', task ':path_provider_android:compileDebugJavaWithJavac', task ':path_provider_android:bundleLibCompileToJarDebug', task ':app:compileDebugKotlin', task ':app:javaPreCompileDebug', task ':app:compileDebugJavaWithJavac', task ':app:compressDebugAssets', task ':cloud_firestore:bundleLibRuntimeToJarDebug', task ':firebase_auth:bundleLibRuntimeToJarDebug', task ':firebase_messaging:bundleLibRuntimeToJarDebug', task ':firebase_core:bundleLibRuntimeToJarDebug', task ':flutter_local_notifications:bundleLibRuntimeToJarDebug', task ':google_sign_in_android:bundleLibRuntimeToJarDebug', task ':mobile_scanner:bundleLibRuntimeToJarDebug', task ':path_provider_android:bundleLibRuntimeToJarDebug', task ':app:desugarDebugFileDependencies', task ':app:dexBuilderDebug', task ':app:mergeDebugGlobalSynthetics', task ':app:processDebugJavaRes', task ':cloud_firestore:processDebugJavaRes', task ':firebase_auth:processDebugJavaRes', task ':firebase_core:processDebugJavaRes', task ':firebase_messaging:processDebugJavaRes', task ':flutter_local_notifications:processDebugJavaRes', task ':google_sign_in_android:processDebugJavaRes', task ':mobile_scanner:processDebugJavaRes', task ':path_provider_android:processDebugJavaRes', task ':app:mergeDebugJavaResource', task ':app:checkDebugDuplicateClasses', task ':app:mergeExtDexDebug', task ':cloud_firestore:bundleLibRuntimeToDirDebug', task ':firebase_auth:bundleLibRuntimeToDirDebug', task ':firebase_messaging:bundleLibRuntimeToDirDebug', task ':firebase_core:bundleLibRuntimeToDirDebug', task ':flutter_local_notifications:bundleLibRuntimeToDirDebug', task ':google_sign_in_android:bundleLibRuntimeToDirDebug', task ':mobile_scanner:bundleLibRuntimeToDirDebug', task ':path_provider_android:bundleLibRuntimeToDirDebug', task ':app:mergeLibDexDebug', task ':app:mergeProjectDexDebug', task ':app:configureCMakeDebug[arm64-v8a]', task ':app:buildCMakeDebug[arm64-v8a]', task ':app:configureCMakeDebug[armeabi-v7a]', task ':app:buildCMakeDebug[armeabi-v7a]', task ':app:configureCMakeDebug[x86_64]', task ':app:buildCMakeDebug[x86_64]', task ':app:mergeDebugJniLibFolders', task ':cloud_firestore:mergeDebugJniLibFolders', task ':cloud_firestore:mergeDebugNativeLibs', task ':cloud_firestore:copyDebugJniLibsProjectOnly', task ':firebase_auth:mergeDebugJniLibFolders', task ':firebase_auth:mergeDebugNativeLibs', task ':firebase_auth:copyDebugJniLibsProjectOnly', task ':firebase_core:mergeDebugJniLibFolders', task ':firebase_core:mergeDebugNativeLibs', task ':firebase_core:copyDebugJniLibsProjectOnly', task ':firebase_messaging:mergeDebugJniLibFolders', task ':firebase_messaging:mergeDebugNativeLibs', task ':firebase_messaging:copyDebugJniLibsProjectOnly', task ':flutter_local_notifications:mergeDebugJniLibFolders', task ':flutter_local_notifications:mergeDebugNativeLibs', task ':flutter_local_notifications:copyDebugJniLibsProjectOnly', task ':google_sign_in_android:mergeDebugJniLibFolders', task ':google_sign_in_android:mergeDebugNativeLibs', task ':google_sign_in_android:copyDebugJniLibsProjectOnly', task ':mobile_scanner:mergeDebugJniLibFolders', task ':mobile_scanner:mergeDebugNativeLibs', task ':mobile_scanner:copyDebugJniLibsProjectOnly', task ':path_provider_android:mergeDebugJniLibFolders', task ':path_provider_android:mergeDebugNativeLibs', task ':path_provider_android:copyDebugJniLibsProjectOnly', task ':app:mergeDebugNativeLibs', task ':app:stripDebugDebugSymbols', task ':app:validateSigningDebug', task ':app:writeDebugAppMetadata', task ':app:writeDebugSigningConfigVersions', task ':app:packageDebug', task ':app:createDebugApkListingFileRedirect', task ':app:assembleDebug', task ':cloud_firestore:stripDebugDebugSymbols', task ':cloud_firestore:copyDebugJniLibsProjectAndLocalJars', task ':cloud_firestore:extractDebugAnnotations', task ':cloud_firestore:extractDeepLinksForAarDebug', task ':cloud_firestore:mergeDebugGeneratedProguardFiles', task ':cloud_firestore:mergeDebugConsumerProguardFiles', task ':cloud_firestore:prepareDebugArtProfile', task ':cloud_firestore:prepareLintJarForPublish', task ':cloud_firestore:mergeDebugJavaResource', task ':cloud_firestore:syncDebugLibJars', task ':cloud_firestore:bundleDebugAar', task ':cloud_firestore:assembleDebug', task ':firebase_auth:stripDebugDebugSymbols', task ':firebase_auth:copyDebugJniLibsProjectAndLocalJars', task ':firebase_auth:extractDebugAnnotations', task ':firebase_auth:extractDeepLinksForAarDebug', task ':firebase_auth:mergeDebugGeneratedProguardFiles', task ':firebase_auth:mergeDebugConsumerProguardFiles', task ':firebase_auth:prepareDebugArtProfile', task ':firebase_auth:prepareLintJarForPublish', task ':firebase_auth:mergeDebugJavaResource', task ':firebase_auth:syncDebugLibJars', task ':firebase_auth:bundleDebugAar', task ':firebase_auth:assembleDebug', task ':firebase_core:stripDebugDebugSymbols', task ':firebase_core:copyDebugJniLibsProjectAndLocalJars', task ':firebase_core:extractDebugAnnotations', task ':firebase_core:extractDeepLinksForAarDebug', task ':firebase_core:mergeDebugGeneratedProguardFiles', task ':firebase_core:mergeDebugConsumerProguardFiles', task ':firebase_core:prepareDebugArtProfile', task ':firebase_core:prepareLintJarForPublish', task ':firebase_core:mergeDebugJavaResource', task ':firebase_core:syncDebugLibJars', task ':firebase_core:bundleDebugAar', task ':firebase_core:assembleDebug', task ':firebase_messaging:stripDebugDebugSymbols', task ':firebase_messaging:copyDebugJniLibsProjectAndLocalJars', task ':firebase_messaging:extractDebugAnnotations', task ':firebase_messaging:extractDeepLinksForAarDebug', task ':firebase_messaging:mergeDebugGeneratedProguardFiles', task ':firebase_messaging:mergeDebugConsumerProguardFiles', task ':firebase_messaging:prepareDebugArtProfile', task ':firebase_messaging:prepareLintJarForPublish', task ':firebase_messaging:mergeDebugJavaResource', task ':firebase_messaging:syncDebugLibJars', task ':firebase_messaging:bundleDebugAar', task ':firebase_messaging:assembleDebug', task ':flutter_local_notifications:stripDebugDebugSymbols', task ':flutter_local_notifications:copyDebugJniLibsProjectAndLocalJars', task ':flutter_local_notifications:extractDebugAnnotations', task ':flutter_local_notifications:extractDeepLinksForAarDebug', task ':flutter_local_notifications:mergeDebugGeneratedProguardFiles', task ':flutter_local_notifications:mergeDebugConsumerProguardFiles', task ':flutter_local_notifications:prepareDebugArtProfile', task ':flutter_local_notifications:prepareLintJarForPublish', task ':flutter_local_notifications:mergeDebugJavaResource', task ':flutter_local_notifications:syncDebugLibJars', task ':flutter_local_notifications:bundleDebugAar', task ':flutter_local_notifications:assembleDebug', task ':google_sign_in_android:stripDebugDebugSymbols', task ':google_sign_in_android:copyDebugJniLibsProjectAndLocalJars', task ':google_sign_in_android:extractDebugAnnotations', task ':google_sign_in_android:extractDeepLinksForAarDebug', task ':google_sign_in_android:mergeDebugGeneratedProguardFiles', task ':google_sign_in_android:mergeDebugConsumerProguardFiles', task ':google_sign_in_android:prepareDebugArtProfile', task ':google_sign_in_android:prepareLintJarForPublish', task ':google_sign_in_android:mergeDebugJavaResource', task ':google_sign_in_android:syncDebugLibJars', task ':google_sign_in_android:bundleDebugAar', task ':google_sign_in_android:assembleDebug', task ':mobile_scanner:stripDebugDebugSymbols', task ':mobile_scanner:copyDebugJniLibsProjectAndLocalJars', task ':mobile_scanner:extractDebugAnnotations', task ':mobile_scanner:extractDeepLinksForAarDebug', task ':mobile_scanner:mergeDebugGeneratedProguardFiles', task ':mobile_scanner:mergeDebugConsumerProguardFiles', task ':mobile_scanner:prepareDebugArtProfile', task ':mobile_scanner:prepareLintJarForPublish', task ':mobile_scanner:mergeDebugJavaResource', task ':mobile_scanner:syncDebugLibJars', task ':mobile_scanner:bundleDebugAar', task ':mobile_scanner:assembleDebug', task ':path_provider_android:stripDebugDebugSymbols', task ':path_provider_android:copyDebugJniLibsProjectAndLocalJars', task ':path_provider_android:extractDebugAnnotations', task ':path_provider_android:extractDeepLinksForAarDebug', task ':path_provider_android:mergeDebugGeneratedProguardFiles', task ':path_provider_android:mergeDebugConsumerProguardFiles', task ':path_provider_android:prepareDebugArtProfile', task ':path_provider_android:prepareLintJarForPublish', task ':path_provider_android:mergeDebugJavaResource', task ':path_provider_android:syncDebugLibJars', task ':path_provider_android:bundleDebugAar', task ':path_provider_android:assembleDebug']
[   +1 ms] Tasks that were excluded: []
[        ] work action Parameters of IdentityTransform (Thread[#747,Execution worker Thread 3,5,main]) started.
[        ] work action Parameters of DexingNoClasspathTransform (Thread[#747,Execution worker Thread 3,5,main]) started.
[        ] work action Parameters of DexingOutputSplitTransform (Thread[#747,Execution worker Thread 3,5,main]) started.
[        ] work action Parameters of ClassesDirToClassesTransform (Thread[#747,Execution worker Thread 3,5,main]) started.
[        ] work action Parameters of DexingOutputSplitTransform (Thread[#747,Execution worker Thread 3,5,main]) started.
[        ] Resolve mutations for :app:DebugMinSdkCheck (Thread[#747,Execution worker Thread 3,5,main]) started.
[        ] :app:DebugMinSdkCheck (Thread[#747,Execution worker Thread 3,5,main]) started.
[        ] > Task :app:DebugMinSdkCheck
[        ] Caching disabled for task ':app:DebugMinSdkCheck' because:
[        ]   Build cache is disabled
[        ] Task ':app:DebugMinSdkCheck' is not up-to-date because:
[        ]   Task has not declared any outputs despite executing actions.
[        ] Resolve mutations for :app:preBuild (Thread[#747,Execution worker Thread 3,5,main]) started.
[        ] :app:preBuild (Thread[#747,Execution worker Thread 3,5,main]) started.
[  +14 ms] > Task :app:preBuild UP-TO-DATE
[        ] Skipping task ':app:preBuild' as it has no actions.
[        ] Resolve mutations for :app:preDebugBuild (Thread[#747,Execution worker Thread 3,5,main]) started.
[   +3 ms] :app:preDebugBuild (Thread[#747,Execution worker Thread 3,5,main]) started.
[   +2 ms] > Task :app:preDebugBuild UP-TO-DATE
[        ] Skipping task ':app:preDebugBuild' as it has no actions.
[   +1 ms] Resolve mutations for :app:mergeDebugNativeDebugMetadata (Thread[#747,Execution worker Thread 3,5,main]) started.
[        ] :app:mergeDebugNativeDebugMetadata (Thread[#747,Execution worker Thread 3,5,main]) started.
[   +4 ms] > Task :app:mergeDebugNativeDebugMetadata NO-SOURCE
[        ] Skipping task ':app:mergeDebugNativeDebugMetadata' as it has no source files and no previous output files.
[        ] Resolve mutations for :app:checkKotlinGradlePluginConfigurationErrors (Thread[#747,Execution worker Thread 3,5,main]) started.
[        ] :app:checkKotlinGradlePluginConfigurationErrors (Thread[#747,Execution worker Thread 3,5,main]) started.
[        ] > Task :app:checkKotlinGradlePluginConfigurationErrors SKIPPED
[        ] Skipping task ':app:checkKotlinGradlePluginConfigurationErrors' as task onlyIf 'errorDiagnostics are present' is false.
[   +1 ms] Resolve mutations for :app:compileFlutterBuildDebug (Thread[#747,Execution worker Thread 3,5,main]) started.
[        ] :app:compileFlutterBuildDebug (Thread[#747,Execution worker Thread 3,5,main]) started.
[+1965 ms] > Task :app:compileFlutterBuildDebug
[        ] Caching disabled for task ':app:compileFlutterBuildDebug' because:
[        ]   Build cache is disabled
[        ]   Caching has not been enabled for the task
[        ] Task ':app:compileFlutterBuildDebug' is not up-to-date because:
[        ]   Value of input property 'verbose' has changed for task ':app:compileFlutterBuildDebug'
[        ] Starting process 'command 'E:\FluttersSDK\flutter\bin\flutter.bat''. Working directory: C:\Users\Faheem Jadoon\Documents\Company APP Command: E:\FluttersSDK\flutter\bin\flutter.bat --verbose assemble --no-version-check --depfile C:\Users\Faheem Jadoon\Documents\Company APP\build\app\intermediates\flutter\debug/flutter_build.d --output C:\Users\Faheem Jadoon\Documents\Company APP\build\app\intermediates\flutter\debug -dTargetFile=C:\Users\Faheem Jadoon\Documents\Company APP\lib\main.dart -dTargetPlatform=android -dBuildMode=debug -dTrackWidgetCreation=true --DartDefines=RkxVVFRFUl9WRVJTSU9OPTMuNDEuMg==,RkxVVFRFUl9DSEFOTkVMPXN0YWJsZQ==,RkxVVFRFUl9HSVRfVVJMPWh0dHBzOi8vZ2l0aHViLmNvbS9mbHV0dGVyL2ZsdXR0ZXIuZ2l0,RkxVVFRFUl9GUkFNRVdPUktfUkVWSVNJT049OTA2NzNhNGVlZg==,RkxVVFRFUl9FTkdJTkVfUkVWSVNJT049NmMwYmFhZWJmNw==,RkxVVFRFUl9EQVJUX1ZFUlNJT049My4xMS4w -dFlavor= -dAndroidArchs=android-arm64 -dMinSdkVersion=24 debug_android_application
[        ] Successfully started process 'command 'E:\FluttersSDK\flutter\bin\flutter.bat''
[        ] [ +171 ms] Artifact Instance of 'MaterialFonts' is not required, skipping update.
[        ] [        ] Artifact Instance of 'GradleWrapper' is not required, skipping update.
[        ] [        ] Artifact Instance of 'AndroidGenSnapshotArtifacts' is not required, skipping update.
[        ] [        ] Artifact Instance of 'AndroidInternalBuildArtifacts' is not required, skipping update.
[        ] [        ] Artifact Instance of 'IOSEngineArtifacts' is not required, skipping update.
[        ] [        ] Artifact Instance of 'FlutterWebSdk' is not required, skipping update.
[        ] [   +1 ms] Artifact Instance of 'LegacyCanvasKitRemover' is not required, skipping update.
[        ] [        ] Artifact Instance of 'FlutterSdk' is not required, skipping update.
[        ] [        ] Artifact Instance of 'WindowsEngineArtifacts' is not required, skipping update.
[        ] [        ] Artifact Instance of 'MacOSEngineArtifacts' is not required, skipping update.
[        ] [        ] Artifact Instance of 'LinuxEngineArtifacts' is not required, skipping update.
[        ] [        ] Artifact Instance of 'LinuxFuchsiaSDKArtifacts' is not required, skipping update.
[        ] [        ] Artifact Instance of 'MacOSFuchsiaSDKArtifacts' is not required, skipping update.
[        ] [        ] Artifact Instance of 'FlutterRunnerSDKArtifacts' is not required, skipping update.
[        ] [        ] Artifact Instance of 'FlutterRunnerDebugSymbols' is not required, skipping update.
[        ] [        ] Artifact Instance of 'IosUsbArtifacts' is not required, skipping update.
[        ] [        ] Artifact Instance of 'IosUsbArtifacts' is not required, skipping update.
[        ] [        ] Artifact Instance of 'IosUsbArtifacts' is not required, skipping update.
[        ] [        ] Artifact Instance of 'IosUsbArtifacts' is not required, skipping update.
[        ] [        ] Artifact Instance of 'IosUsbArtifacts' is not required, skipping update.
[        ] [        ] Artifact Instance of 'IosUsbArtifacts' is not required, skipping update.
[        ] [        ] Artifact Instance of 'FontSubsetArtifacts' is not required, skipping update.
[        ] [        ] Artifact Instance of 'PubDependencies' is not required, skipping update.
[        ] [  +14 ms] Artifact Instance of 'AndroidGenSnapshotArtifacts' is not required, skipping update.
[        ] [        ] Artifact Instance of 'AndroidInternalBuildArtifacts' is not required, skipping update.
[        ] [        ] Artifact Instance of 'IOSEngineArtifacts' is not required, skipping update.
[        ] [        ] Artifact Instance of 'FlutterWebSdk' is not required, skipping update.
[        ] [        ] Artifact Instance of 'FlutterEngineStamp' is not required, skipping update.
[        ] [        ] Artifact Instance of 'LegacyCanvasKitRemover' is not required, skipping update.
[        ] [   +3 ms] Artifact Instance of 'WindowsEngineArtifacts' is not required, skipping update.
[        ] [        ] Artifact Instance of 'MacOSEngineArtifacts' is not required, skipping update.
[        ] [        ] Artifact Instance of 'LinuxEngineArtifacts' is not required, skipping update.
[        ] [        ] Artifact Instance of 'LinuxFuchsiaSDKArtifacts' is not required, skipping update.
[        ] [        ] Artifact Instance of 'MacOSFuchsiaSDKArtifacts' is not required, skipping update.
[        ] [        ] Artifact Instance of 'FlutterRunnerSDKArtifacts' is not required, skipping update.
[        ] [        ] Artifact Instance of 'FlutterRunnerDebugSymbols' is not required, skipping update.
[        ] [  +81 ms] Artifact Instance of 'MaterialFonts' is not required, skipping update.
[        ] [        ] Artifact Instance of 'GradleWrapper' is not required, skipping update.
[        ] [   +2 ms] Artifact Instance of 'AndroidInternalBuildArtifacts' is not required, skipping update.
[        ] [        ] Artifact Instance of 'IOSEngineArtifacts' is not required, skipping update.
[        ] [        ] Artifact Instance of 'FlutterWebSdk' is not required, skipping update.
[        ] [        ] Artifact Instance of 'FlutterEngineStamp' is not required, skipping update.
[        ] [        ] Artifact Instance of 'LegacyCanvasKitRemover' is not required, skipping update.
[        ] [        ] Artifact Instance of 'FlutterSdk' is not required, skipping update.
[        ] [        ] Artifact Instance of 'WindowsEngineArtifacts' is not required, skipping update.
[        ] [        ] Artifact Instance of 'MacOSEngineArtifacts' is not required, skipping update.
[        ] [        ] Artifact Instance of 'LinuxEngineArtifacts' is not required, skipping update.
[        ] [        ] Artifact Instance of 'LinuxFuchsiaSDKArtifacts' is not required, skipping update.
[        ] [        ] Artifact Instance of 'MacOSFuchsiaSDKArtifacts' is not required, skipping update.
[        ] [        ] Artifact Instance of 'FlutterRunnerSDKArtifacts' is not required, skipping update.
[        ] [        ] Artifact Instance of 'FlutterRunnerDebugSymbols' is not required, skipping update.
[        ] [        ] Artifact Instance of 'IosUsbArtifacts' is not required, skipping update.
[        ] [        ] Artifact Instance of 'IosUsbArtifacts' is not required, skipping update.
[        ] [        ] Artifact Instance of 'IosUsbArtifacts' is not required, skipping update.
[        ] [        ] Artifact Instance of 'IosUsbArtifacts' is not required, skipping update.
[        ] [        ] Artifact Instance of 'IosUsbArtifacts' is not required, skipping update.
[        ] [        ] Artifact Instance of 'IosUsbArtifacts' is not required, skipping update.
[        ] [        ] Artifact Instance of 'FontSubsetArtifacts' is not required, skipping update.
[        ] [        ] Artifact Instance of 'PubDependencies' is not required, skipping update.
[        ] [  +16 ms] Initializing file store
[        ] [  +24 ms] Done initializing file store
[        ] [  +78 ms] Skipping target: dart_build
[        ] [   +2 ms] Skipping target: gen_dart_plugin_registrant
[        ] [   +1 ms] Skipping target: install_code_assets
[        ] [        ] Skipping target: gen_localizations
[ +798 ms] [+1224 ms] Skipping target: kernel_snapshot_program
[        ] [  +19 ms] invalidated build due to missing files: C:\Users\Faheem Jadoon\Documents\Company APP\DOES_NOT_EXIST_RERUN_FOR_WILDCARD702664366
[ +600 ms] [ +565 ms] debug_android_application: Starting due to {InvalidatedReasonKind.inputMissing: The following inputs were missing: C:\Users\Faheem Jadoon\Documents\Company APP\DOES_NOT_EXIST_RERUN_FOR_WILDCARD702664366, InvalidatedReasonKind.inputChanged: The following inputs have updated contents: E:\PubCache\hosted\pub.dev\dbus-0.7.12\LICENSE,E:\PubCache\hosted\pub.dev\firebase_messaging-16.1.3\LICENSE,E:\PubCache\hosted\pub.dev\firebase_messaging_platform_interface-4.7.8\LICENSE,E:\PubCache\hosted\pub.dev\firebase_messaging_web-4.1.4\LICENSE,E:\PubCache\hosted\pub.dev\flutter_local_notifications-21.0.0\LICENSE,E:\PubCache\hosted\pub.dev\flutter_local_notifications_linux-8.0.0\LICENSE,E:\PubCache\hosted\pub.dev\flutter_local_notifications_platform_interface-11.0.0\LICENSE,E:\PubCache\hosted\pub.dev\flutter_local_notifications_windows-3.0.0\LICENSE,E:\PubCache\hosted\pub.dev\timezone-0.11.0\LICENSE}
[ +394 ms] [ +433 ms] Manifest contained wildcard assets. Inserting missing file into build graph to force rerun. for more information see #56466.
[        ] [  +13 ms] shaderc command: [E:\FluttersSDK\flutter\bin\cache\artifacts\engine\windows-x64\impellerc.exe, --sksl, --runtime-stage-gles, --runtime-stage-gles3, --runtime-stage-vulkan, --iplr, --sl=C:\Users\Faheem Jadoon\Documents\Company APP\build\app\intermediates\flutter\debug\flutter_assets\shaders/ink_sparkle.frag, --spirv=C:\Users\Faheem Jadoon\Documents\Company APP\build\app\intermediates\flutter\debug\flutter_assets\shaders/ink_sparkle.frag.spirv, --input=E:\FluttersSDK\flutter\packages\flutter\lib\src\material\shaders\ink_sparkle.frag, --input-type=frag, --include=E:\FluttersSDK\flutter\packages\flutter\lib\src\material\shaders, --include=E:\FluttersSDK\flutter\bin\cache\artifacts\engine\windows-x64\shader_lib]
[        ] [   +1 ms] shaderc command: [E:\FluttersSDK\flutter\bin\cache\artifacts\engine\windows-x64\impellerc.exe, --sksl, --runtime-stage-gles, --runtime-stage-gles3, --runtime-stage-vulkan, --iplr, --sl=C:\Users\Faheem Jadoon\Documents\Company APP\build\app\intermediates\flutter\debug\flutter_assets\shaders/stretch_effect.frag, --spirv=C:\Users\Faheem Jadoon\Documents\Company APP\build\app\intermediates\flutter\debug\flutter_assets\shaders/stretch_effect.frag.spirv, --input=E:\FluttersSDK\flutter\packages\flutter\lib\src\material\shaders\stretch_effect.frag, --input-type=frag, --include=E:\FluttersSDK\flutter\packages\flutter\lib\src\material\shaders, --include=E:\FluttersSDK\flutter\bin\cache\artifacts\engine\windows-x64\shader_lib]
[+1304 ms] [+1296 ms] debug_android_application: Complete
[ +590 ms] [ +566 ms] Persisting file store
[        ] [  +16 ms] Done persisting file store
[  +96 ms] [  +31 ms] build succeeded.
[        ] [  +19 ms] "flutter assemble" took 4,402ms.
[ +113 ms] [  +62 ms] Running 1 shutdown hook
[        ] [   +5 ms] Shutdown hooks complete
[        ] [        ] exiting with code 0
[        ] Resolve mutations for :app:packJniLibsflutterBuildDebug (Thread[#747,Execution worker Thread 3,5,main]) started.
[        ] :app:packJniLibsflutterBuildDebug (Thread[#747,Execution worker Thread 3,5,main]) started.
[        ] > Task :app:packJniLibsflutterBuildDebug UP-TO-DATE
[        ] Caching disabled for task ':app:packJniLibsflutterBuildDebug' because:
[        ]   Build cache is disabled
[        ]   Not worth caching
[        ] Skipping task ':app:packJniLibsflutterBuildDebug' as it is up-to-date.
[        ] Resolve mutations for :cloud_firestore:preBuild (Thread[#747,Execution worker Thread 3,5,main]) started.
[        ] :cloud_firestore:preBuild (Thread[#747,Execution worker Thread 3,5,main]) started.
[        ] > Task :cloud_firestore:preBuild UP-TO-DATE
[        ] Skipping task ':cloud_firestore:preBuild' as it has no actions.
[        ] Resolve mutations for :cloud_firestore:preDebugBuild (Thread[#747,Execution worker Thread 3,5,main]) started.
[        ] :cloud_firestore:preDebugBuild (Thread[#747,Execution worker Thread 3,5,main]) started.
[        ] > Task :cloud_firestore:preDebugBuild UP-TO-DATE
[        ] Skipping task ':cloud_firestore:preDebugBuild' as it has no actions.
[        ] Resolve mutations for :cloud_firestore:writeDebugAarMetadata (Thread[#747,Execution worker Thread 3,5,main]) started.
[        ] :cloud_firestore:writeDebugAarMetadata (Thread[#747,Execution worker Thread 3,5,main]) started.
[        ] > Task :cloud_firestore:writeDebugAarMetadata UP-TO-DATE
[        ] Caching disabled for task ':cloud_firestore:writeDebugAarMetadata' because:
[        ]   Build cache is disabled
[        ]   Caching has been disabled for the task
[        ] Skipping task ':cloud_firestore:writeDebugAarMetadata' as it is up-to-date.
[        ] work action resolve aar-metadata.properties (project :cloud_firestore) (Thread[#747,Execution worker Thread 3,5,main]) started.
[        ] Resolve mutations for :firebase_auth:preBuild (Thread[#747,Execution worker Thread 3,5,main]) started.
[        ] :firebase_auth:preBuild (Thread[#747,Execution worker Thread 3,5,main]) started.
[        ] > Task :firebase_auth:preBuild UP-TO-DATE
[        ] Skipping task ':firebase_auth:preBuild' as it has no actions.
[        ] Resolve mutations for :firebase_auth:preDebugBuild (Thread[#747,Execution worker Thread 3,5,main]) started.
[        ] :firebase_auth:preDebugBuild (Thread[#744,included builds,5,main]) started.
[        ] > Task :firebase_auth:preDebugBuild UP-TO-DATE
[        ] Skipping task ':firebase_auth:preDebugBuild' as it has no actions.
[        ] Resolve mutations for :firebase_auth:writeDebugAarMetadata (Thread[#744,included builds,5,main]) started.
[        ] :firebase_auth:writeDebugAarMetadata (Thread[#745,Execution worker,5,main]) started.
[        ] > Task :firebase_auth:writeDebugAarMetadata UP-TO-DATE
[        ] Caching disabled for task ':firebase_auth:writeDebugAarMetadata' because:
[        ]   Build cache is disabled
[        ]   Caching has been disabled for the task
[        ] Skipping task ':firebase_auth:writeDebugAarMetadata' as it is up-to-date.
[        ] work action resolve aar-metadata.properties (project :firebase_auth) (Thread[#745,Execution worker,5,main]) started.
[        ] Resolve mutations for :firebase_core:preBuild (Thread[#745,Execution worker,5,main]) started.
[        ] :firebase_core:preBuild (Thread[#745,Execution worker,5,main]) started.
[        ] > Task :firebase_core:preBuild UP-TO-DATE
[        ] Skipping task ':firebase_core:preBuild' as it has no actions.
[        ] Resolve mutations for :firebase_core:preDebugBuild (Thread[#745,Execution worker,5,main]) started.
[        ] :firebase_core:preDebugBuild (Thread[#745,Execution worker,5,main]) started.
[        ] > Task :firebase_core:preDebugBuild UP-TO-DATE
[        ] Skipping task ':firebase_core:preDebugBuild' as it has no actions.
[        ] Resolve mutations for :firebase_core:writeDebugAarMetadata (Thread[#745,Execution worker,5,main]) started.
[        ] :firebase_core:writeDebugAarMetadata (Thread[#745,Execution worker,5,main]) started.
[        ] > Task :firebase_core:writeDebugAarMetadata UP-TO-DATE
[        ] Caching disabled for task ':firebase_core:writeDebugAarMetadata' because:
[        ]   Build cache is disabled
[        ]   Caching has been disabled for the task
[        ] Skipping task ':firebase_core:writeDebugAarMetadata' as it is up-to-date.
[        ] work action resolve aar-metadata.properties (project :firebase_core) (Thread[#745,Execution worker,5,main]) started.
[        ] Resolve mutations for :firebase_messaging:preBuild (Thread[#745,Execution worker,5,main]) started.
[        ] :firebase_messaging:preBuild (Thread[#745,Execution worker,5,main]) started.
[        ] > Task :firebase_messaging:preBuild UP-TO-DATE
[        ] Skipping task ':firebase_messaging:preBuild' as it has no actions.
[        ] Resolve mutations for :firebase_messaging:preDebugBuild (Thread[#745,Execution worker,5,main]) started.
[        ] :firebase_messaging:preDebugBuild (Thread[#745,Execution worker,5,main]) started.
[        ] > Task :firebase_messaging:preDebugBuild UP-TO-DATE
[        ] Skipping task ':firebase_messaging:preDebugBuild' as it has no actions.
[        ] Resolve mutations for :firebase_messaging:writeDebugAarMetadata (Thread[#745,Execution worker,5,main]) started.
[        ] :firebase_messaging:writeDebugAarMetadata (Thread[#745,Execution worker,5,main]) started.
[        ] > Task :firebase_messaging:writeDebugAarMetadata UP-TO-DATE
[        ] Caching disabled for task ':firebase_messaging:writeDebugAarMetadata' because:
[        ]   Build cache is disabled
[   +1 ms]   Caching has been disabled for the task
[        ] Skipping task ':firebase_messaging:writeDebugAarMetadata' as it is up-to-date.
[        ] work action resolve aar-metadata.properties (project :firebase_messaging) (Thread[#745,Execution worker,5,main]) started.
[        ] Resolve mutations for :flutter_local_notifications:preBuild (Thread[#745,Execution worker,5,main]) started.
[        ] :flutter_local_notifications:preBuild (Thread[#745,Execution worker,5,main]) started.
[        ] > Task :flutter_local_notifications:preBuild UP-TO-DATE
[        ] Skipping task ':flutter_local_notifications:preBuild' as it has no actions.
[        ] Resolve mutations for :flutter_local_notifications:preDebugBuild (Thread[#745,Execution worker,5,main]) started.
[        ] :flutter_local_notifications:preDebugBuild (Thread[#746,Execution worker Thread 2,5,main]) started.
[        ] > Task :flutter_local_notifications:preDebugBuild UP-TO-DATE
[        ] Skipping task ':flutter_local_notifications:preDebugBuild' as it has no actions.
[        ] Resolve mutations for :flutter_local_notifications:writeDebugAarMetadata (Thread[#746,Execution worker Thread 2,5,main]) started.
[        ] :flutter_local_notifications:writeDebugAarMetadata (Thread[#746,Execution worker Thread 2,5,main]) started.
[        ] > Task :flutter_local_notifications:writeDebugAarMetadata UP-TO-DATE
[        ] Caching disabled for task ':flutter_local_notifications:writeDebugAarMetadata' because:
[        ]   Build cache is disabled
[        ]   Caching has been disabled for the task
[        ] Skipping task ':flutter_local_notifications:writeDebugAarMetadata' as it is up-to-date.
[        ] work action resolve aar-metadata.properties (project :flutter_local_notifications) (Thread[#746,Execution worker Thread 2,5,main]) started.
[        ] Resolve mutations for :google_sign_in_android:preBuild (Thread[#747,Execution worker Thread 3,5,main]) started.
[        ] :google_sign_in_android:preBuild (Thread[#747,Execution worker Thread 3,5,main]) started.
[        ] > Task :google_sign_in_android:preBuild UP-TO-DATE
[        ] Skipping task ':google_sign_in_android:preBuild' as it has no actions.
[        ] Resolve mutations for :google_sign_in_android:preDebugBuild (Thread[#747,Execution worker Thread 3,5,main]) started.
[        ] :google_sign_in_android:preDebugBuild (Thread[#747,Execution worker Thread 3,5,main]) started.
[        ] > Task :google_sign_in_android:preDebugBuild UP-TO-DATE
[        ] Skipping task ':google_sign_in_android:preDebugBuild' as it has no actions.
[        ] Resolve mutations for :google_sign_in_android:writeDebugAarMetadata (Thread[#747,Execution worker Thread 3,5,main]) started.
[        ] :google_sign_in_android:writeDebugAarMetadata (Thread[#747,Execution worker Thread 3,5,main]) started.
[        ] > Task :google_sign_in_android:writeDebugAarMetadata UP-TO-DATE
[        ] Caching disabled for task ':google_sign_in_android:writeDebugAarMetadata' because:
[        ]   Build cache is disabled
[        ]   Caching has been disabled for the task
[        ] Skipping task ':google_sign_in_android:writeDebugAarMetadata' as it is up-to-date.
[        ] work action resolve aar-metadata.properties (project :google_sign_in_android) (Thread[#747,Execution worker Thread 3,5,main]) started.
[        ] Resolve mutations for :mobile_scanner:preBuild (Thread[#747,Execution worker Thread 3,5,main]) started.
[        ] :mobile_scanner:preBuild (Thread[#747,Execution worker Thread 3,5,main]) started.
[        ] > Task :mobile_scanner:preBuild UP-TO-DATE
[        ] Skipping task ':mobile_scanner:preBuild' as it has no actions.
[        ] Resolve mutations for :mobile_scanner:preDebugBuild (Thread[#747,Execution worker Thread 3,5,main]) started.
[        ] :mobile_scanner:preDebugBuild (Thread[#747,Execution worker Thread 3,5,main]) started.
[        ] > Task :mobile_scanner:preDebugBuild UP-TO-DATE
[        ] Skipping task ':mobile_scanner:preDebugBuild' as it has no actions.
[        ] Resolve mutations for :mobile_scanner:writeDebugAarMetadata (Thread[#747,Execution worker Thread 3,5,main]) started.
[        ] :mobile_scanner:writeDebugAarMetadata (Thread[#747,Execution worker Thread 3,5,main]) started.
[        ] > Task :mobile_scanner:writeDebugAarMetadata UP-TO-DATE
[        ] Caching disabled for task ':mobile_scanner:writeDebugAarMetadata' because:
[        ]   Build cache is disabled
[        ]   Caching has been disabled for the task
[        ] Skipping task ':mobile_scanner:writeDebugAarMetadata' as it is up-to-date.
[        ] work action resolve aar-metadata.properties (project :mobile_scanner) (Thread[#747,Execution worker Thread 3,5,main]) started.
[        ] Resolve mutations for :path_provider_android:preBuild (Thread[#747,Execution worker Thread 3,5,main]) started.
[        ] :path_provider_android:preBuild (Thread[#747,Execution worker Thread 3,5,main]) started.
[        ] > Task :path_provider_android:preBuild UP-TO-DATE
[        ] Skipping task ':path_provider_android:preBuild' as it has no actions.
[        ] Resolve mutations for :path_provider_android:preDebugBuild (Thread[#747,Execution worker Thread 3,5,main]) started.
[        ] :path_provider_android:preDebugBuild (Thread[#747,Execution worker Thread 3,5,main]) started.
[        ] > Task :path_provider_android:preDebugBuild UP-TO-DATE
[        ] Skipping task ':path_provider_android:preDebugBuild' as it has no actions.
[        ] Resolve mutations for :path_provider_android:writeDebugAarMetadata (Thread[#747,Execution worker Thread 3,5,main]) started.
[        ] :path_provider_android:writeDebugAarMetadata (Thread[#747,Execution worker Thread 3,5,main]) started.
[        ] > Task :path_provider_android:writeDebugAarMetadata UP-TO-DATE
[        ] Caching disabled for task ':path_provider_android:writeDebugAarMetadata' because:
[        ]   Build cache is disabled
[        ]   Caching has been disabled for the task
[        ] Skipping task ':path_provider_android:writeDebugAarMetadata' as it is up-to-date.
[        ] work action resolve aar-metadata.properties (project :path_provider_android) (Thread[#747,Execution worker Thread 3,5,main]) started.
[        ] Resolve mutations for :app:checkDebugAarMetadata (Thread[#747,Execution worker Thread 3,5,main]) started.
[        ] :app:checkDebugAarMetadata (Thread[#747,Execution worker Thread 3,5,main]) started.
[ +183 ms] Resolve mutations for :app:cleanMergeDebugAssets (Thread[#745,Execution worker,5,main]) started.
[   +1 ms] :app:cleanMergeDebugAssets (Thread[#745,Execution worker,5,main]) started.
[        ] > Task :app:cleanMergeDebugAssets UP-TO-DATE
[        ] Caching disabled for task ':app:cleanMergeDebugAssets' because:
[   +1 ms]   Build cache is disabled
[   +3 ms] Task ':app:cleanMergeDebugAssets' is not up-to-date because:
[        ]   Task has not declared any outputs despite executing actions.
[        ] Resolve mutations for :app:mergeDebugShaders (Thread[#745,Execution worker,5,main]) started.
[        ] :app:mergeDebugShaders (Thread[#745,Execution worker,5,main]) started.
[   +3 ms] > Task :app:mergeDebugShaders UP-TO-DATE
[   +5 ms] Caching disabled for task ':app:mergeDebugShaders' because:
[   +1 ms]   Build cache is disabled
[        ]   Simple merging task
[        ] Skipping task ':app:mergeDebugShaders' as it is up-to-date.
[        ] Resolve mutations for :app:compileDebugShaders (Thread[#745,Execution worker,5,main]) started.
[        ] :app:compileDebugShaders (Thread[#744,included builds,5,main]) started.
[        ] > Task :app:compileDebugShaders NO-SOURCE
[        ] Skipping task ':app:compileDebugShaders' as it has no source files and no previous output files.
[        ] Resolve mutations for :app:generateDebugAssets (Thread[#744,included builds,5,main]) started.
[        ] :app:generateDebugAssets (Thread[#744,included builds,5,main]) started.
[        ] > Task :app:generateDebugAssets UP-TO-DATE
[        ] Skipping task ':app:generateDebugAssets' as it has no actions.
[        ] Resolve mutations for :cloud_firestore:mergeDebugShaders (Thread[#744,included builds,5,main]) started.
[        ] :cloud_firestore:mergeDebugShaders (Thread[#744,included builds,5,main]) started.
[        ] > Task :cloud_firestore:mergeDebugShaders UP-TO-DATE
[        ] Caching disabled for task ':cloud_firestore:mergeDebugShaders' because:
[        ]   Build cache is disabled
[        ]   Simple merging task
[        ] Skipping task ':cloud_firestore:mergeDebugShaders' as it is up-to-date.
[        ] Resolve mutations for :cloud_firestore:compileDebugShaders (Thread[#744,included builds,5,main]) started.
[        ] :cloud_firestore:compileDebugShaders (Thread[#744,included builds,5,main]) started.
[        ] > Task :cloud_firestore:compileDebugShaders NO-SOURCE
[        ] Skipping task ':cloud_firestore:compileDebugShaders' as it has no source files and no previous output files.
[        ] Resolve mutations for :cloud_firestore:generateDebugAssets (Thread[#744,included builds,5,main]) started.
[        ] :cloud_firestore:generateDebugAssets (Thread[#744,included builds,5,main]) started.
[        ] > Task :cloud_firestore:generateDebugAssets UP-TO-DATE
[        ] Skipping task ':cloud_firestore:generateDebugAssets' as it has no actions.
[        ] Resolve mutations for :cloud_firestore:mergeDebugAssets (Thread[#744,included builds,5,main]) started.
[        ] :cloud_firestore:mergeDebugAssets (Thread[#744,included builds,5,main]) started.
[        ] > Task :cloud_firestore:mergeDebugAssets UP-TO-DATE
[        ] Caching disabled for task ':cloud_firestore:mergeDebugAssets' because:
[        ]   Build cache is disabled
[        ]   Simple merging task
[        ] Skipping task ':cloud_firestore:mergeDebugAssets' as it is up-to-date.
[        ] work action resolve mergeDebugAssets (project :cloud_firestore) (Thread[#744,included builds,5,main]) started.
[        ] Resolve mutations for :firebase_auth:mergeDebugShaders (Thread[#744,included builds,5,main]) started.
[        ] :firebase_auth:mergeDebugShaders (Thread[#744,included builds,5,main]) started.
[  +12 ms] > Task :firebase_auth:mergeDebugShaders UP-TO-DATE
[   +1 ms] Caching disabled for task ':firebase_auth:mergeDebugShaders' because:
[   +1 ms]   Build cache is disabled
[        ]   Simple merging task
[        ] Skipping task ':firebase_auth:mergeDebugShaders' as it is up-to-date.
[   +1 ms] Resolve mutations for :firebase_auth:compileDebugShaders (Thread[#744,included builds,5,main]) started.
[        ] :firebase_auth:compileDebugShaders (Thread[#744,included builds,5,main]) started.
[        ] > Task :firebase_auth:compileDebugShaders NO-SOURCE
[        ] Skipping task ':firebase_auth:compileDebugShaders' as it has no source files and no previous output files.
[        ] Resolve mutations for :firebase_auth:generateDebugAssets (Thread[#744,included builds,5,main]) started.
[        ] :firebase_auth:generateDebugAssets (Thread[#744,included builds,5,main]) started.
[        ] > Task :firebase_auth:generateDebugAssets UP-TO-DATE
[        ] Skipping task ':firebase_auth:generateDebugAssets' as it has no actions.
[        ] Resolve mutations for :firebase_auth:mergeDebugAssets (Thread[#744,included builds,5,main]) started.
[        ] :firebase_auth:mergeDebugAssets (Thread[#744,included builds,5,main]) started.
[        ] > Task :firebase_auth:mergeDebugAssets UP-TO-DATE
[        ] Caching disabled for task ':firebase_auth:mergeDebugAssets' because:
[        ]   Build cache is disabled
[        ]   Simple merging task
[        ] Skipping task ':firebase_auth:mergeDebugAssets' as it is up-to-date.
[        ] work action resolve mergeDebugAssets (project :firebase_auth) (Thread[#744,included builds,5,main]) started.
[        ] Resolve mutations for :firebase_core:mergeDebugShaders (Thread[#744,included builds,5,main]) started.
[        ] :firebase_core:mergeDebugShaders (Thread[#744,included builds,5,main]) started.
[        ] > Task :firebase_core:mergeDebugShaders UP-TO-DATE
[        ] Caching disabled for task ':firebase_core:mergeDebugShaders' because:
[        ]   Build cache is disabled
[        ]   Simple merging task
[        ] Skipping task ':firebase_core:mergeDebugShaders' as it is up-to-date.
[        ] Resolve mutations for :firebase_core:compileDebugShaders (Thread[#744,included builds,5,main]) started.
[        ] :firebase_core:compileDebugShaders (Thread[#744,included builds,5,main]) started.
[        ] > Task :firebase_core:compileDebugShaders NO-SOURCE
[        ] Skipping task ':firebase_core:compileDebugShaders' as it has no source files and no previous output files.
[        ] Resolve mutations for :firebase_core:generateDebugAssets (Thread[#744,included builds,5,main]) started.
[        ] :firebase_core:generateDebugAssets (Thread[#744,included builds,5,main]) started.
[        ] > Task :firebase_core:generateDebugAssets UP-TO-DATE
[        ] Skipping task ':firebase_core:generateDebugAssets' as it has no actions.
[        ] Resolve mutations for :firebase_core:mergeDebugAssets (Thread[#744,included builds,5,main]) started.
[        ] :firebase_core:mergeDebugAssets (Thread[#744,included builds,5,main]) started.
[        ] > Task :firebase_core:mergeDebugAssets UP-TO-DATE
[        ] Caching disabled for task ':firebase_core:mergeDebugAssets' because:
[        ]   Build cache is disabled
[        ]   Simple merging task
[        ] Skipping task ':firebase_core:mergeDebugAssets' as it is up-to-date.
[        ] work action resolve mergeDebugAssets (project :firebase_core) (Thread[#744,included builds,5,main]) started.
[  +25 ms] Resolve mutations for :firebase_messaging:mergeDebugShaders (Thread[#744,included builds,5,main]) started.
[        ] :firebase_messaging:mergeDebugShaders (Thread[#744,included builds,5,main]) started.
[        ] > Task :firebase_messaging:mergeDebugShaders UP-TO-DATE
[        ] Caching disabled for task ':firebase_messaging:mergeDebugShaders' because:
[        ]   Build cache is disabled
[        ]   Simple merging task
[        ] Skipping task ':firebase_messaging:mergeDebugShaders' as it is up-to-date.
[        ] Resolve mutations for :firebase_messaging:compileDebugShaders (Thread[#744,included builds,5,main]) started.
[        ] :firebase_messaging:compileDebugShaders (Thread[#744,included builds,5,main]) started.
[        ] > Task :firebase_messaging:compileDebugShaders NO-SOURCE
[        ] Skipping task ':firebase_messaging:compileDebugShaders' as it has no source files and no previous output files.
[        ] Resolve mutations for :firebase_messaging:generateDebugAssets (Thread[#744,included builds,5,main]) started.
[        ] :firebase_messaging:generateDebugAssets (Thread[#744,included builds,5,main]) started.
[   +1 ms] > Task :firebase_messaging:generateDebugAssets UP-TO-DATE
[        ] Skipping task ':firebase_messaging:generateDebugAssets' as it has no actions.
[        ] Resolve mutations for :firebase_messaging:mergeDebugAssets (Thread[#744,included builds,5,main]) started.
[        ] :firebase_messaging:mergeDebugAssets (Thread[#744,included builds,5,main]) started.
[        ] > Task :firebase_messaging:mergeDebugAssets
[        ] Caching disabled for task ':firebase_messaging:mergeDebugAssets' because:
[        ]   Build cache is disabled
[        ]   Simple merging task
[        ] Task ':firebase_messaging:mergeDebugAssets' is not up-to-date because:
[        ]   No history is available.
[   +1 ms] The input changes require a full rebuild for incremental task ':firebase_messaging:mergeDebugAssets'.
[        ] work action resolve mergeDebugAssets (project :firebase_messaging) (Thread[#744,included builds,5,main]) started.
[        ] Resolve mutations for :flutter_local_notifications:mergeDebugShaders (Thread[#744,included builds,5,main]) started.
[        ] :flutter_local_notifications:mergeDebugShaders (Thread[#744,included builds,5,main]) started.
[        ] > Task :flutter_local_notifications:mergeDebugShaders
[        ] Caching disabled for task ':flutter_local_notifications:mergeDebugShaders' because:
[        ]   Build cache is disabled
[        ]   Simple merging task
[        ] Task ':flutter_local_notifications:mergeDebugShaders' is not up-to-date because:
[        ]   No history is available.
[        ] The input changes require a full rebuild for incremental task ':flutter_local_notifications:mergeDebugShaders'.
[        ] Resolve mutations for :flutter_local_notifications:compileDebugShaders (Thread[#744,included builds,5,main]) started.
[        ] :flutter_local_notifications:compileDebugShaders (Thread[#744,included builds,5,main]) started.
[        ] > Task :flutter_local_notifications:compileDebugShaders NO-SOURCE
[        ] Skipping task ':flutter_local_notifications:compileDebugShaders' as it has no source files and no previous output files.
[        ] Resolve mutations for :flutter_local_notifications:generateDebugAssets (Thread[#744,included builds,5,main]) started.
[        ] :flutter_local_notifications:generateDebugAssets (Thread[#744,included builds,5,main]) started.
[        ] > Task :flutter_local_notifications:generateDebugAssets UP-TO-DATE
[        ] Skipping task ':flutter_local_notifications:generateDebugAssets' as it has no actions.
[        ] Resolve mutations for :flutter_local_notifications:mergeDebugAssets (Thread[#744,included builds,5,main]) started.
[        ] :flutter_local_notifications:mergeDebugAssets (Thread[#745,Execution worker,5,main]) started.
[        ] > Task :flutter_local_notifications:mergeDebugAssets
[        ] Caching disabled for task ':flutter_local_notifications:mergeDebugAssets' because:
[        ]   Build cache is disabled
[        ]   Simple merging task
[        ] Task ':flutter_local_notifications:mergeDebugAssets' is not up-to-date because:
[        ]   No history is available.
[        ] The input changes require a full rebuild for incremental task ':flutter_local_notifications:mergeDebugAssets'.
[        ] work action resolve mergeDebugAssets (project :flutter_local_notifications) (Thread[#745,Execution worker,5,main]) started.
[        ] Resolve mutations for :google_sign_in_android:mergeDebugShaders (Thread[#745,Execution worker,5,main]) started.
[        ] :google_sign_in_android:mergeDebugShaders (Thread[#745,Execution worker,5,main]) started.
[        ] > Task :app:checkDebugAarMetadata FAILED
[        ] Caching disabled for task ':app:checkDebugAarMetadata' because:
[        ]   Build cache is disabled
[        ]   Caching has been disabled for the task
[        ] Task ':app:checkDebugAarMetadata' is not up-to-date because:
[        ]   Input property 'aarMetadataFiles' file E:\PubCache\hosted\pub.dev\flutter_local_notifications-21.0.0\android\build\intermediates\aar_metadata\debug\writeDebugAarMetadata\aar-metadata.properties has been added.
[        ]   Input property 'aarMetadataFiles' file C:\Users\Faheem Jadoon\.gradle\caches\8.14\transforms\35d04519acf6cd6ee4ebe62543eb658d\transformed\firebase-common-22.0.1\META-INF\com\android\build\gradle\aar-metadata.properties has been added.
[        ]   Input property 'aarMetadataFiles' file C:\Users\Faheem Jadoon\.gradle\caches\8.14\transforms\c481dcebf9aa7b2b29325e79757cf9b0\transformed\localbroadcastmanager-1.1.0\META-INF\com\android\build\gradle\aar-metadata.properties has been added.
[        ]   and more...
[        ] > Task :google_sign_in_android:mergeDebugShaders
[        ] Caching disabled for task ':google_sign_in_android:mergeDebugShaders' because:
[        ]   Build cache is disabled
[        ]   Simple merging task
[        ] Task ':google_sign_in_android:mergeDebugShaders' is not up-to-date because:
[        ]   Output property 'outputDir' file E:\PubCache\hosted\pub.dev\google_sign_in_android-7.2.10\android\build\intermediates\merged_shaders\debug\mergeDebugShaders\out has been removed.
[        ] The input changes require a full rebuild for incremental task ':google_sign_in_android:mergeDebugShaders'.
[ +682 ms] Build deff802d-b735-4c72-903b-cfe94f078fbe is closed
[        ] [Incubating] Problems report is available at: file:///C:/Users/Faheem%20Jadoon/Documents/Company%20APP/build/reports/problems/problems-report.html
[        ] Deprecated Gradle features were used in this build, making it incompatible with Gradle 9.0.
[        ] You can use '--warning-mode all' to show the individual deprecation warnings and determine if they come from your own scripts or plugins.
[        ] For more on this, please refer to https://docs.gradle.org/8.14/userguide/command_line_interface.html#sec:command_line_warnings in the Gradle documentation.
[        ] 29 actionable tasks: 7 executed, 22 up-to-date
[        ] Watched directory hierarchies: [E:\FluttersSDK\flutter\packages\flutter_tools\gradle, C:\Users\Faheem Jadoon\Documents\Company APP\android]
[  +47 ms] Running Gradle task 'assembleDebug'... (completed in 11.3s)
[   +1 ms] "flutter run" took 13,966ms.
[        ] Running 3 shutdown hooks
[  +21 ms] Shutdown hooks complete
[        ] exiting with code 1
